###############################################################################
#
# IAR ELF Linker V7.80.4.12462/W32 for ARM                17/Feb/2017  15:23:00
# Copyright 2007-2017 IAR Systems AB.
#
#    Output file  =  
#        E:\WORK\YX-TMP-CT4S UCOSIII-F4\Project\IAR\Debug\Exe\YX-TMP-CT4S.out
#    Map file     =  
#        E:\WORK\YX-TMP-CT4S UCOSIII-F4\Project\IAR\Debug\List\YX-TMP-CT4S.map
#    Command line =  
#        "E:\WORK\YX-TMP-CT4S UCOSIII-F4\Project\IAR\Debug\Obj\adc.o"
#        "E:\WORK\YX-TMP-CT4S UCOSIII-F4\Project\IAR\Debug\Obj\ads1118.o"
#        "E:\WORK\YX-TMP-CT4S UCOSIII-F4\Project\IAR\Debug\Obj\ads1248.o"
#        "E:\WORK\YX-TMP-CT4S UCOSIII-F4\Project\IAR\Debug\Obj\adtask.o"
#        "E:\WORK\YX-TMP-CT4S UCOSIII-F4\Project\IAR\Debug\Obj\bsp.o"
#        "E:\WORK\YX-TMP-CT4S UCOSIII-F4\Project\IAR\Debug\Obj\CH_SetWindow.o"
#        "E:\WORK\YX-TMP-CT4S UCOSIII-F4\Project\IAR\Debug\Obj\ConfigWindow.o"
#        "E:\WORK\YX-TMP-CT4S UCOSIII-F4\Project\IAR\Debug\Obj\cpu_a.o"
#        "E:\WORK\YX-TMP-CT4S UCOSIII-F4\Project\IAR\Debug\Obj\cpu_c.o"
#        "E:\WORK\YX-TMP-CT4S UCOSIII-F4\Project\IAR\Debug\Obj\cpu_core.o"
#        "E:\WORK\YX-TMP-CT4S UCOSIII-F4\Project\IAR\Debug\Obj\Data_Window.o"
#        "E:\WORK\YX-TMP-CT4S UCOSIII-F4\Project\IAR\Debug\Obj\delay.o"
#        "E:\WORK\YX-TMP-CT4S UCOSIII-F4\Project\IAR\Debug\Obj\ds1302.o"
#        "E:\WORK\YX-TMP-CT4S UCOSIII-F4\Project\IAR\Debug\Obj\ds18b20.o"
#        "E:\WORK\YX-TMP-CT4S UCOSIII-F4\Project\IAR\Debug\Obj\flow_PID.o"
#        "E:\WORK\YX-TMP-CT4S
#        UCOSIII-F4\Project\IAR\Debug\Obj\flowcontroltask.o"
#        "E:\WORK\YX-TMP-CT4S UCOSIII-F4\Project\IAR\Debug\Obj\fm24cl64.o"
#        "E:\WORK\YX-TMP-CT4S UCOSIII-F4\Project\IAR\Debug\Obj\global.o"
#        "E:\WORK\YX-TMP-CT4S UCOSIII-F4\Project\IAR\Debug\Obj\guitask.o"
#        "E:\WORK\YX-TMP-CT4S UCOSIII-F4\Project\IAR\Debug\Obj\key.o"
#        "E:\WORK\YX-TMP-CT4S UCOSIII-F4\Project\IAR\Debug\Obj\keytask.o"
#        "E:\WORK\YX-TMP-CT4S UCOSIII-F4\Project\IAR\Debug\Obj\lcd.o"
#        "E:\WORK\YX-TMP-CT4S UCOSIII-F4\Project\IAR\Debug\Obj\lib_ascii.o"
#        "E:\WORK\YX-TMP-CT4S UCOSIII-F4\Project\IAR\Debug\Obj\lib_math.o"
#        "E:\WORK\YX-TMP-CT4S UCOSIII-F4\Project\IAR\Debug\Obj\lib_mem.o"
#        "E:\WORK\YX-TMP-CT4S UCOSIII-F4\Project\IAR\Debug\Obj\lib_str.o"
#        "E:\WORK\YX-TMP-CT4S UCOSIII-F4\Project\IAR\Debug\Obj\main.o"
#        "E:\WORK\YX-TMP-CT4S UCOSIII-F4\Project\IAR\Debug\Obj\maintask.o"
#        "E:\WORK\YX-TMP-CT4S UCOSIII-F4\Project\IAR\Debug\Obj\MainWindow.o"
#        "E:\WORK\YX-TMP-CT4S UCOSIII-F4\Project\IAR\Debug\Obj\mb.o"
#        "E:\WORK\YX-TMP-CT4S UCOSIII-F4\Project\IAR\Debug\Obj\mbcrc.o"
#        "E:\WORK\YX-TMP-CT4S UCOSIII-F4\Project\IAR\Debug\Obj\mbfunccoils.o"
#        "E:\WORK\YX-TMP-CT4S UCOSIII-F4\Project\IAR\Debug\Obj\mbfuncdiag.o"
#        "E:\WORK\YX-TMP-CT4S UCOSIII-F4\Project\IAR\Debug\Obj\mbfuncdisc.o"
#        "E:\WORK\YX-TMP-CT4S UCOSIII-F4\Project\IAR\Debug\Obj\mbfuncholding.o"
#        "E:\WORK\YX-TMP-CT4S UCOSIII-F4\Project\IAR\Debug\Obj\mbfuncinput.o"
#        "E:\WORK\YX-TMP-CT4S UCOSIII-F4\Project\IAR\Debug\Obj\mbfuncother.o"
#        "E:\WORK\YX-TMP-CT4S UCOSIII-F4\Project\IAR\Debug\Obj\mbrtu.o"
#        "E:\WORK\YX-TMP-CT4S UCOSIII-F4\Project\IAR\Debug\Obj\mbutils.o"
#        "E:\WORK\YX-TMP-CT4S UCOSIII-F4\Project\IAR\Debug\Obj\misc.o"
#        "E:\WORK\YX-TMP-CT4S UCOSIII-F4\Project\IAR\Debug\Obj\modbustask.o"
#        "E:\WORK\YX-TMP-CT4S UCOSIII-F4\Project\IAR\Debug\Obj\ms5611.o"
#        "E:\WORK\YX-TMP-CT4S UCOSIII-F4\Project\IAR\Debug\Obj\os_app_hooks.o"
#        "E:\WORK\YX-TMP-CT4S UCOSIII-F4\Project\IAR\Debug\Obj\os_cfg_app.o"
#        "E:\WORK\YX-TMP-CT4S UCOSIII-F4\Project\IAR\Debug\Obj\os_core.o"
#        "E:\WORK\YX-TMP-CT4S UCOSIII-F4\Project\IAR\Debug\Obj\os_cpu_a.o"
#        "E:\WORK\YX-TMP-CT4S UCOSIII-F4\Project\IAR\Debug\Obj\os_cpu_c.o"
#        "E:\WORK\YX-TMP-CT4S UCOSIII-F4\Project\IAR\Debug\Obj\os_dbg.o"
#        "E:\WORK\YX-TMP-CT4S UCOSIII-F4\Project\IAR\Debug\Obj\os_flag.o"
#        "E:\WORK\YX-TMP-CT4S UCOSIII-F4\Project\IAR\Debug\Obj\os_mem.o"
#        "E:\WORK\YX-TMP-CT4S UCOSIII-F4\Project\IAR\Debug\Obj\os_mon.o"
#        "E:\WORK\YX-TMP-CT4S UCOSIII-F4\Project\IAR\Debug\Obj\os_msg.o"
#        "E:\WORK\YX-TMP-CT4S UCOSIII-F4\Project\IAR\Debug\Obj\os_mutex.o"
#        "E:\WORK\YX-TMP-CT4S UCOSIII-F4\Project\IAR\Debug\Obj\os_prio.o"
#        "E:\WORK\YX-TMP-CT4S UCOSIII-F4\Project\IAR\Debug\Obj\os_q.o"
#        "E:\WORK\YX-TMP-CT4S UCOSIII-F4\Project\IAR\Debug\Obj\os_sem.o"
#        "E:\WORK\YX-TMP-CT4S UCOSIII-F4\Project\IAR\Debug\Obj\os_stat.o"
#        "E:\WORK\YX-TMP-CT4S UCOSIII-F4\Project\IAR\Debug\Obj\os_task.o"
#        "E:\WORK\YX-TMP-CT4S UCOSIII-F4\Project\IAR\Debug\Obj\os_tick.o"
#        "E:\WORK\YX-TMP-CT4S UCOSIII-F4\Project\IAR\Debug\Obj\os_time.o"
#        "E:\WORK\YX-TMP-CT4S UCOSIII-F4\Project\IAR\Debug\Obj\os_tmr.o"
#        "E:\WORK\YX-TMP-CT4S UCOSIII-F4\Project\IAR\Debug\Obj\os_var.o"
#        "E:\WORK\YX-TMP-CT4S
#        UCOSIII-F4\Project\IAR\Debug\Obj\PassWd_SetWindow.o"
#        "E:\WORK\YX-TMP-CT4S UCOSIII-F4\Project\IAR\Debug\Obj\polyfit.o"
#        "E:\WORK\YX-TMP-CT4S UCOSIII-F4\Project\IAR\Debug\Obj\port.o"
#        "E:\WORK\YX-TMP-CT4S UCOSIII-F4\Project\IAR\Debug\Obj\portevent.o"
#        "E:\WORK\YX-TMP-CT4S UCOSIII-F4\Project\IAR\Debug\Obj\portserial.o"
#        "E:\WORK\YX-TMP-CT4S UCOSIII-F4\Project\IAR\Debug\Obj\porttimer.o"
#        "E:\WORK\YX-TMP-CT4S UCOSIII-F4\Project\IAR\Debug\Obj\rtctask.o"
#        "E:\WORK\YX-TMP-CT4S UCOSIII-F4\Project\IAR\Debug\Obj\SampWindow.o"
#        "E:\WORK\YX-TMP-CT4S
#        UCOSIII-F4\Project\IAR\Debug\Obj\startup_stm32f40_41xxx.o"
#        "E:\WORK\YX-TMP-CT4S UCOSIII-F4\Project\IAR\Debug\Obj\stm32f4xx_adc.o"
#        "E:\WORK\YX-TMP-CT4S UCOSIII-F4\Project\IAR\Debug\Obj\stm32f4xx_can.o"
#        "E:\WORK\YX-TMP-CT4S UCOSIII-F4\Project\IAR\Debug\Obj\stm32f4xx_cec.o"
#        "E:\WORK\YX-TMP-CT4S UCOSIII-F4\Project\IAR\Debug\Obj\stm32f4xx_crc.o"
#        "E:\WORK\YX-TMP-CT4S
#        UCOSIII-F4\Project\IAR\Debug\Obj\stm32f4xx_cryp.o"
#        "E:\WORK\YX-TMP-CT4S
#        UCOSIII-F4\Project\IAR\Debug\Obj\stm32f4xx_cryp_aes.o"
#        "E:\WORK\YX-TMP-CT4S
#        UCOSIII-F4\Project\IAR\Debug\Obj\stm32f4xx_cryp_des.o"
#        "E:\WORK\YX-TMP-CT4S
#        UCOSIII-F4\Project\IAR\Debug\Obj\stm32f4xx_cryp_tdes.o"
#        "E:\WORK\YX-TMP-CT4S UCOSIII-F4\Project\IAR\Debug\Obj\stm32f4xx_dac.o"
#        "E:\WORK\YX-TMP-CT4S
#        UCOSIII-F4\Project\IAR\Debug\Obj\stm32f4xx_dbgmcu.o"
#        "E:\WORK\YX-TMP-CT4S
#        UCOSIII-F4\Project\IAR\Debug\Obj\stm32f4xx_dcmi.o"
#        "E:\WORK\YX-TMP-CT4S UCOSIII-F4\Project\IAR\Debug\Obj\stm32f4xx_dma.o"
#        "E:\WORK\YX-TMP-CT4S
#        UCOSIII-F4\Project\IAR\Debug\Obj\stm32f4xx_dma2d.o"
#        "E:\WORK\YX-TMP-CT4S
#        UCOSIII-F4\Project\IAR\Debug\Obj\stm32f4xx_exti.o"
#        "E:\WORK\YX-TMP-CT4S
#        UCOSIII-F4\Project\IAR\Debug\Obj\stm32f4xx_flash.o"
#        "E:\WORK\YX-TMP-CT4S
#        UCOSIII-F4\Project\IAR\Debug\Obj\stm32f4xx_flash_ramfunc.o"
#        "E:\WORK\YX-TMP-CT4S
#        UCOSIII-F4\Project\IAR\Debug\Obj\stm32f4xx_fmpi2c.o"
#        "E:\WORK\YX-TMP-CT4S
#        UCOSIII-F4\Project\IAR\Debug\Obj\stm32f4xx_fsmc.o"
#        "E:\WORK\YX-TMP-CT4S
#        UCOSIII-F4\Project\IAR\Debug\Obj\stm32f4xx_gpio.o"
#        "E:\WORK\YX-TMP-CT4S
#        UCOSIII-F4\Project\IAR\Debug\Obj\stm32f4xx_hash.o"
#        "E:\WORK\YX-TMP-CT4S
#        UCOSIII-F4\Project\IAR\Debug\Obj\stm32f4xx_hash_md5.o"
#        "E:\WORK\YX-TMP-CT4S
#        UCOSIII-F4\Project\IAR\Debug\Obj\stm32f4xx_hash_sha1.o"
#        "E:\WORK\YX-TMP-CT4S UCOSIII-F4\Project\IAR\Debug\Obj\stm32f4xx_i2c.o"
#        "E:\WORK\YX-TMP-CT4S UCOSIII-F4\Project\IAR\Debug\Obj\stm32f4xx_it.o"
#        "E:\WORK\YX-TMP-CT4S
#        UCOSIII-F4\Project\IAR\Debug\Obj\stm32f4xx_iwdg.o"
#        "E:\WORK\YX-TMP-CT4S
#        UCOSIII-F4\Project\IAR\Debug\Obj\stm32f4xx_ltdc.o"
#        "E:\WORK\YX-TMP-CT4S UCOSIII-F4\Project\IAR\Debug\Obj\stm32f4xx_pwr.o"
#        "E:\WORK\YX-TMP-CT4S
#        UCOSIII-F4\Project\IAR\Debug\Obj\stm32f4xx_qspi.o"
#        "E:\WORK\YX-TMP-CT4S UCOSIII-F4\Project\IAR\Debug\Obj\stm32f4xx_rcc.o"
#        "E:\WORK\YX-TMP-CT4S UCOSIII-F4\Project\IAR\Debug\Obj\stm32f4xx_rng.o"
#        "E:\WORK\YX-TMP-CT4S UCOSIII-F4\Project\IAR\Debug\Obj\stm32f4xx_rtc.o"
#        "E:\WORK\YX-TMP-CT4S UCOSIII-F4\Project\IAR\Debug\Obj\stm32f4xx_sai.o"
#        "E:\WORK\YX-TMP-CT4S
#        UCOSIII-F4\Project\IAR\Debug\Obj\stm32f4xx_sdio.o"
#        "E:\WORK\YX-TMP-CT4S
#        UCOSIII-F4\Project\IAR\Debug\Obj\stm32f4xx_spdifrx.o"
#        "E:\WORK\YX-TMP-CT4S UCOSIII-F4\Project\IAR\Debug\Obj\stm32f4xx_spi.o"
#        "E:\WORK\YX-TMP-CT4S
#        UCOSIII-F4\Project\IAR\Debug\Obj\stm32f4xx_syscfg.o"
#        "E:\WORK\YX-TMP-CT4S UCOSIII-F4\Project\IAR\Debug\Obj\stm32f4xx_tim.o"
#        "E:\WORK\YX-TMP-CT4S
#        UCOSIII-F4\Project\IAR\Debug\Obj\stm32f4xx_usart.o"
#        "E:\WORK\YX-TMP-CT4S
#        UCOSIII-F4\Project\IAR\Debug\Obj\stm32f4xx_wwdg.o"
#        "E:\WORK\YX-TMP-CT4S UCOSIII-F4\Project\IAR\Debug\Obj\sys.o"
#        "E:\WORK\YX-TMP-CT4S UCOSIII-F4\Project\IAR\Debug\Obj\SysInfo.o"
#        "E:\WORK\YX-TMP-CT4S
#        UCOSIII-F4\Project\IAR\Debug\Obj\system_stm32f4xx.o"
#        "E:\WORK\YX-TMP-CT4S UCOSIII-F4\Project\IAR\Debug\Obj\target.o"
#        "E:\WORK\YX-TMP-CT4S
#        UCOSIII-F4\Project\IAR\Debug\Obj\tempcontroltask.o"
#        "E:\WORK\YX-TMP-CT4S UCOSIII-F4\Project\IAR\Debug\Obj\tempPID.o"
#        "E:\WORK\YX-TMP-CT4S UCOSIII-F4\Project\IAR\Debug\Obj\temppressTask.o"
#        "E:\WORK\YX-TMP-CT4S UCOSIII-F4\Project\IAR\Debug\Obj\temptask.o"
#        "E:\WORK\YX-TMP-CT4S UCOSIII-F4\Project\IAR\Debug\Obj\timer.o"
#        "E:\WORK\YX-TMP-CT4S UCOSIII-F4\Project\IAR\Debug\Obj\usart.o"
#        "E:\WORK\YX-TMP-CT4S UCOSIII-F4\Project\IAR\Debug\Obj\w25qxx.o" -o
#        "E:\WORK\YX-TMP-CT4S UCOSIII-F4\Project\IAR\Debug\Exe\YX-TMP-CT4S.out"
#        --redirect _Printf=_PrintfFull --redirect _Scanf=_ScanfFull --map
#        "E:\WORK\YX-TMP-CT4S
#        UCOSIII-F4\Project\IAR\Debug\List\YX-TMP-CT4S.map" --config "D:\IAR
#        Systems\Embedded Workbench 7.5\arm\config\linker\ST\stm32f407xE.icf"
#        --semihosting --entry __iar_program_start --vfe
#
###############################################################################

*******************************************************************************
*** RUNTIME MODEL ATTRIBUTES
***

CppFlavor                     = *
__Heap_Handler                = DLMalloc
__SystemLibrary               = DLib
__dlib_dynamic_initialization = normal


*******************************************************************************
*** PLACEMENT SUMMARY
***

"A0":  place at 0x08000000 { ro section .intvec };
"P1":  place in [from 0x08000000 to 0x0807ffff] { ro };
"P3":  place in [from 0x10000000 to 0x1000ffff] { block CSTACK, section .ccram };
"P4":  place in [from 0x20000000 to 0x2001bfff] |
                [from 0x2001c000 to 0x2001ffff] { rw, block HEAP };
initialize by copy { rw };

  Section             Kind        Address     Size  Object
  -------             ----        -------     ----  ------
"A0":                                        0x188
  .intvec             ro code  0x08000000    0x188  startup_stm32f40_41xxx.o [1]
                             - 0x08000188    0x188

"P1":                                      0x1b797
  .text               ro code  0x08000188   0x33e0  ConfigWindow.o [1]
  .text               ro code  0x08003568    0xa08  lcd.o [1]
  .text               ro code  0x08003f70    0x68c  key.o [1]
  .text               ro code  0x080045fc    0x6e0  MainWindow.o [1]
  .text               ro code  0x08004cdc     0x76  ABImemcpy_unaligned.o [5]
  .text               ro code  0x08004d52      0xa  xsprout.o [3]
  .text               ro code  0x08004d5c      0x6  ABImemclr4.o [5]
  .rodata             const    0x08004d62      0x2  ConfigWindow.o [1]
  .text               ro code  0x08004d64     0x30  I32ToDbl.o [4]
  .text               ro code  0x08004d94    0x648  polyfit.o [1]
  .text               ro code  0x080053dc    0x2f8  fm24cl64.o [1]
  .text               ro code  0x080056d4     0x34  sprintf.o [3]
  .text               ro code  0x08005708    0x3c0  ds1302.o [1]
  .text               ro code  0x08005ac8    0x2a8  target.o [1]
  .text               ro code  0x08005d70     0x66  ABImemset.o [5]
  .rodata             const    0x08005dd6      0x2  ConfigWindow.o [1]
  .text               ro code  0x08005dd8    0x136  stm32f4xx_gpio.o [1]
  .rodata             const    0x08005f0e      0x2  os_cfg_app.o [1]
  .text               ro code  0x08005f10     0x36  strlen.o [5]
  .rodata             const    0x08005f46      0x2  os_dbg.o [1]
  .text               ro code  0x08005f48    0x180  stm32f4xx_rcc.o [1]
  .text               ro code  0x080060c8    0x36c  stm32f4xx_tim.o [1]
  .text               ro code  0x08006434     0x5c  key.o [1]
  .text               ro code  0x08006490    0x1e4  Data_Window.o [1]
  .text               ro code  0x08006674   0x268e  CH_SetWindow.o [1]
  .rodata             const    0x08008d02      0x2  os_dbg.o [1]
  .text               ro code  0x08008d04    0xadc  PassWd_SetWindow.o [1]
  .text               ro code  0x080097e0     0xec  SysInfo.o [1]
  .text               ro code  0x080098cc   0x13c0  SampWindow.o [1]
  .text               ro code  0x0800ac8c     0x4e  FltToDbl.o [4]
  .rodata             const    0x0800acda      0x2  os_dbg.o [1]
  .text               ro code  0x0800acdc     0x32  ABImemset48.o [5]
  .rodata             const    0x0800ad0e      0x2  os_dbg.o [1]
  .text               ro code  0x0800ad10     0x2e  DblCmpLe.o [4]
  .rodata             const    0x0800ad3e      0x2  os_dbg.o [1]
  .text               ro code  0x0800ad40     0xe8  DblAdd.o [4]
  .text               ro code  0x0800ae28    0x1a2  DblMul.o [4]
  .rodata             const    0x0800afca      0x2  os_dbg.o [1]
  .text               ro code  0x0800afcc    0x256  DblDiv.o [4]
  .rodata             const    0x0800b222      0x2  os_dbg.o [1]
  .text               ro code  0x0800b224    0x180  DblSub.o [4]
  .text               ro code  0x0800b3a4     0x20  DblCmpEq.o [4]
  .rodata             const    0x0800b3c4     0x64  mbrtu.o [1]
  .text               ro code  0x0800b428    0x8c0  pow.o [4]
  .text               ro code  0x0800bce8   0x14f4  dlmalloc.o [3]
  .text               ro code  0x0800d1dc   0x119a  xprintffull.o [3]
  .rodata             const    0x0800e376      0x2  os_dbg.o [1]
  .text               ro code  0x0800e378     0xfc  delay.o [1]
  .text               ro code  0x0800e474     0x90  DblToFlt.o [4]
  .text               ro code  0x0800e504     0x2c  strncmp.o [3]
  .text               ro code  0x0800e530    0x650  timer.o [1]
  .text               ro code  0x0800eb80     0x44  xdnorm.o [4]
  .text               ro code  0x0800ebc4     0x7e  xdint.o [4]
  .rodata             const    0x0800ec42      0x2  os_dbg.o [1]
  .text               ro code  0x0800ec44      0xc  errno.o [3]
  .text               ro code  0x0800ec50     0x2e  DblCmpGe.o [4]
  .rodata             const    0x0800ec7e      0x2  os_dbg.o [1]
  .text               ro code  0x0800ec80     0x58  DblToI32.o [4]
  .text               ro code  0x0800ecd8     0xb0  xlog.o [4]
  .text               ro code  0x0800ed88    0x2c6  xexp.o [4]
  .text               ro code  0x0800f04e      0x6  abort.o [3]
  .text               ro code  0x0800f054     0x2c  xgetmemchunk.o [3]
  .text               ro code  0x0800f080     0x20  xmbtowc.o [3]
  .text               ro code  0x0800f0a0     0x16  strchr.o [5]
  .rodata             const    0x0800f0b6      0x2  os_dbg.o [1]
  .text               ro code  0x0800f0b8     0x58  memchr.o [5]
  .text               ro code  0x0800f110      0xa  xmbcurmax.o [3]
  .text               ro code  0x0800f11a     0x1a  xwctomb.o [3]
  .text               ro code  0x0800f134    0x132  I64DivMod.o [5]
  .rodata             const    0x0800f266      0x2  os_dbg.o [1]
  .text               ro code  0x0800f268    0x114  xdscale.o [4]
  .text               ro code  0x0800f37c     0x6c  localeconv.o [3]
  .text               ro code  0x0800f3e8      0xe  div.o [3]
  .rodata             const    0x0800f3f6      0x2  os_dbg.o [1]
  .text               ro code  0x0800f3f8    0xafc  os_core.o [1]
  .text               ro code  0x0800fef4    0x2c8  os_time.o [1]
  .text               ro code  0x080101bc     0xb0  misc.o [1]
  .text               ro code  0x0801026c      0x2  xtls.o [3]
  .text               ro code  0x0801026e     0x40  xdtest.o [4]
  .rodata             const    0x080102ae      0x2  os_dbg.o [1]
  .text               ro code  0x080102b0     0x14  exit.o [6]
  .text               ro code  0x080102c4     0x14  setlocale.o [3]
  .text               ro code  0x080102d8     0x60  xencoding_sb.o [3]
  .text               ro code  0x08010338      0x2  I64DivZer.o [5]
  .rodata             const    0x0801033a      0x2  os_dbg.o [1]
  .text               ro code  0x0801033c    0x33c  os_cpu_c.o [1]
  .text               ro code  0x08010678     0xa8  os_prio.o [1]
  .text               ro code  0x08010720     0x1c  os_mem.o [1]
  .text               ro code  0x0801073c    0x100  os_msg.o [1]
  .text               ro code  0x0801083c    0xbd0  os_task.o [1]
  .text               ro code  0x0801140c    0x4dc  os_tick.o [1]
  .text               ro code  0x080118e8    0x550  os_stat.o [1]
  .text               ro code  0x08011e38    0x598  os_tmr.o [1]
  .text               ro code  0x080123d0    0x214  os_dbg.o [1]
  .text               ro code  0x080125e4      0x2  os_cfg_app.o [1]
  .rodata             const    0x080125e6      0x2  os_dbg.o [1]
  CODE                ro code  0x080125e8    0x108  os_cpu_a.o [1]
  .text               ro code  0x080126f0     0x54  bsp.o [1]
  CODE                ro code  0x08012744     0x34  cpu_a.o [1]
  .text               ro code  0x08012778    0x4cc  os_mutex.o [1]
  .text               ro code  0x08012c44     0x4c  cpu_core.o [1]
  .text               ro code  0x08012c90     0x76  lib_mem.o [1]
  .rodata             const    0x08012d06      0x2  os_dbg.o [1]
  .rodata             const    0x08012d08   0x1774  ads1248.o [1]
  .text               ro code  0x0801447c    0x900  flowcontroltask.o [1]
  .text               ro code  0x08014d7c    0x3c8  ads1118.o [1]
  .text               ro code  0x08015144    0x1ac  flow_PID.o [1]
  .text               ro code  0x080152f0    0x818  ads1248.o [1]
  .text               ro code  0x08015b08     0x7c  stm32f4xx_spi.o [1]
  .text               ro code  0x08015b84    0x730  ms5611.o [1]
  .text               ro code  0x080162b4    0x6d2  port.o [1]
  .text               ro code  0x08016986     0x14  global.o [1]
  .rodata             const    0x0801699a      0x2  os_dbg.o [1]
  .text               ro code  0x0801699c    0x34c  mbrtu.o [1]
  .text               ro code  0x08016ce8     0x10  sys.o [1]
  .text               ro code  0x08016cf8     0xec  portserial.o [1]
  .text               ro code  0x08016de4    0x110  porttimer.o [1]
  .text               ro code  0x08016ef4     0x24  ABIassert.o [6]
  .text               ro code  0x08016f18     0x44  mbcrc.o [1]
  .text               ro code  0x08016f5c     0x44  portevent.o [1]
  .text               ro code  0x08016fa0    0x214  stm32f4xx_usart.o [1]
  .text               ro code  0x080171b4     0xac  usart.o [1]
  .text               ro code  0x08017260    0x34c  tempPID.o [1]
  .rodata             const    0x080175ac    0x320  SampWindow.o [1]
  .rodata             const    0x080178cc    0x320  SampWindow.o [1]
  .rodata             const    0x08017bec    0x320  SampWindow.o [1]
  .rodata             const    0x08017f0c    0x320  SampWindow.o [1]
  .text               ro code  0x0801822c    0x310  ds18b20.o [1]
  .text               ro code  0x0801853c    0x282  mbfuncholding.o [1]
  .rodata             const    0x080187be      0x2  os_dbg.o [1]
  .text               ro code  0x080187c0     0x2e  mbutils.o [1]
  .rodata             const    0x080187ee      0x2  os_dbg.o [1]
  .text               ro code  0x080187f0    0x23c  mb.o [1]
  .text               ro code  0x08018a2c    0x1e2  mbfunccoils.o [1]
  .rodata             const    0x08018c0e      0x1  os_cfg_app.o [1]
  .rodata             const    0x08018c0f      0x1  os_cfg_app.o [1]
  .rodata             const    0x08018c10    0x1e0  MainWindow.o [1]
  .rodata             const    0x08018df0    0x1e0  MainWindow.o [1]
  .rodata             const    0x08018fd0    0x1e0  MainWindow.o [1]
  .rodata             const    0x080191b0    0x1e0  MainWindow.o [1]
  .rodata             const    0x08019390    0x1e0  MainWindow.o [1]
  .rodata             const    0x08019570    0x1e0  MainWindow.o [1]
  .text               ro code  0x08019750    0x1d4  tempcontroltask.o [1]
  .text               ro code  0x08019924    0x1d0  stm32f4xx_adc.o [1]
  .text               ro code  0x08019af4    0x1bc  w25qxx.o [1]
  .text               ro code  0x08019cb0    0x194  main.o [1]
  .text               ro code  0x08019e44    0x130  adc.o [1]
  .text               ro code  0x08019f74    0x148  maintask.o [1]
  .text               ro code  0x0801a0bc     0x74  temptask.o [1]
  .text               ro code  0x0801a130    0x120  guitask.o [1]
  .text               ro code  0x0801a250     0x84  temppressTask.o [1]
  .text               ro code  0x0801a2d4     0x68  rtctask.o [1]
  .text               ro code  0x0801a33c    0x11c  keytask.o [1]
  .text               ro code  0x0801a458     0x68  modbustask.o [1]
  .text               ro code  0x0801a4c0     0x78  stm32f4xx_dma.o [1]
  .text               ro code  0x0801a538    0x154  system_stm32f4xx.o [1]
  .rodata             const    0x0801a68c    0x100  mbcrc.o [1]
  .rodata             const    0x0801a78c    0x100  mbcrc.o [1]
  .text               ro code  0x0801a88c     0xce  packbits_init.o [5]
  .text               ro code  0x0801a95a     0xba  mbfuncdisc.o [1]
  .text               ro code  0x0801aa14     0xa2  mbfuncinput.o [1]
  .rodata             const    0x0801aab6      0x1  os_cfg_app.o [1]
  .rodata             const    0x0801aab7      0x1  os_dbg.o [1]
  .rodata             const    0x0801aab8     0x40  mbrtu.o [1]
  .text               ro code  0x0801aaf8     0x40  zero_init3.o [5]
  .rodata             const    0x0801ab38     0x3c  CH_SetWindow.o [1]
  .rodata             const    0x0801ab74     0x3c  CH_SetWindow.o [1]
  .rodata             const    0x0801abb0     0x3c  CH_SetWindow.o [1]
  .rodata             const    0x0801abec     0x3c  CH_SetWindow.o [1]
  .rodata             const    0x0801ac28     0x3c  MainWindow.o [1]
  .rodata             const    0x0801ac64     0x3c  MainWindow.o [1]
  .text               ro code  0x0801aca0     0x34  mbfuncother.o [1]
  .rodata             const    0x0801acd4     0x30  os_dbg.o [1]
  .rodata             const    0x0801ad04     0x30  os_dbg.o [1]
  .rodata             const    0x0801ad34     0x30  os_dbg.o [1]
  .rodata             const    0x0801ad64     0x2c  ConfigWindow.o [1]
  .rodata             const    0x0801ad90     0x2c  Data_Window.o [1]
  .rodata             const    0x0801adbc     0x2c  Data_Window.o [1]
  .rodata             const    0x0801ade8     0x28  mbrtu.o [1]
  .rodata             const    0x0801ae10     0x28  os_dbg.o [1]
  .rodata             const    0x0801ae38     0x28  os_dbg.o [1]
  .text               ro code  0x0801ae60     0x28  data_init.o [5]
  .text               ro code  0x0801ae88     0x22  fpinit_M.o [4]
  .iar.init_table     const    0x0801aeac     0x2c  - Linker created -
  .text               ro code  0x0801aed8     0x14  stm32f4xx_it.o [1]
  .rodata             const    0x0801aeec      0x1  os_dbg.o [1]
  .rodata             const    0x0801aeed      0x1  os_dbg.o [1]
  .rodata             const    0x0801aef0     0x20  ConfigWindow.o [1]
  .rodata             const    0x0801af10     0x20  os_dbg.o [1]
  .rodata             const    0x0801af30     0x1c  mbrtu.o [1]
  .rodata             const    0x0801af4c     0x1c  mbrtu.o [1]
  .rodata             const    0x0801af68     0x1c  SysInfo.o [1]
  .rodata             const    0x0801af84     0x1c  SysInfo.o [1]
  .text               ro code  0x0801afa0     0x1a  cmain.o [5]
  .text               ro code  0x0801afba      0x4  low_level_init.o [3]
  .text               ro code  0x0801afbe      0x4  exit.o [3]
  .rodata             const    0x0801afc2      0x1  os_dbg.o [1]
  .rodata             const    0x0801afc3      0x1  os_dbg.o [1]
  .text               ro code  0x0801afc4      0xa  cexit.o [5]
  .rodata             const    0x0801afce      0x1  os_dbg.o [1]
  .rodata             const    0x0801afcf      0x1  os_dbg.o [1]
  .rodata             const    0x0801afd0     0x18  MainWindow.o [1]
  .rodata             const    0x0801afe8     0x18  os_tmr.o [1]
  .rodata             const    0x0801b000     0x18  PassWd_SetWindow.o [1]
  .rodata             const    0x0801b018     0x18  SysInfo.o [1]
  .rodata             const    0x0801b030     0x14  flowcontroltask.o [1]
  .rodata             const    0x0801b044     0x14  os_core.o [1]
  .rodata             const    0x0801b058     0x14  os_stat.o [1]
  .rodata             const    0x0801b06c     0x14  os_tick.o [1]
  .rodata             const    0x0801b080     0x14  PassWd_SetWindow.o [1]
  .rodata             const    0x0801b094     0x14  PassWd_SetWindow.o [1]
  .rodata             const    0x0801b0a8     0x14  SampWindow.o [1]
  .rodata             const    0x0801b0bc     0x14  SampWindow.o [1]
  .rodata             const    0x0801b0d0     0x14  SampWindow.o [1]
  .rodata             const    0x0801b0e4     0x14  SampWindow.o [1]
  .rodata             const    0x0801b0f8     0x14  SampWindow.o [1]
  .rodata             const    0x0801b10c     0x14  SysInfo.o [1]
  .rodata             const    0x0801b120     0x14  SysInfo.o [1]
  .rodata             const    0x0801b134     0x14  tempcontroltask.o [1]
  .rodata             const    0x0801b148     0x10  CH_SetWindow.o [1]
  .rodata             const    0x0801b158     0x10  CH_SetWindow.o [1]
  .rodata             const    0x0801b168     0x10  CH_SetWindow.o [1]
  .rodata             const    0x0801b178     0x10  CH_SetWindow.o [1]
  .rodata             const    0x0801b188     0x10  CH_SetWindow.o [1]
  .rodata             const    0x0801b198     0x10  ConfigWindow.o [1]
  .rodata             const    0x0801b1a8     0x10  ConfigWindow.o [1]
  .rodata             const    0x0801b1b8     0x10  ConfigWindow.o [1]
  .rodata             const    0x0801b1c8     0x10  ConfigWindow.o [1]
  .rodata             const    0x0801b1d8     0x10  ConfigWindow.o [1]
  .rodata             const    0x0801b1e8     0x10  ConfigWindow.o [1]
  .rodata             const    0x0801b1f8     0x10  ConfigWindow.o [1]
  .rodata             const    0x0801b208     0x10  ConfigWindow.o [1]
  .rodata             const    0x0801b218     0x10  ConfigWindow.o [1]
  .rodata             const    0x0801b228     0x10  MainWindow.o [1]
  .rodata             const    0x0801b238     0x10  MainWindow.o [1]
  .rodata             const    0x0801b248     0x10  os_tmr.o [1]
  .rodata             const    0x0801b258     0x10  PassWd_SetWindow.o [1]
  .rodata             const    0x0801b268     0x10  SysInfo.o [1]
  .rodata             const    0x0801b278     0x10  SysInfo.o [1]
  .rodata             const    0x0801b288     0x10  temppressTask.o [1]
  .text               ro code  0x0801b298     0x10  startup_stm32f40_41xxx.o [1]
  .rodata             const    0x0801b2a8      0xc  CH_SetWindow.o [1]
  .rodata             const    0x0801b2b4      0xc  CH_SetWindow.o [1]
  .rodata             const    0x0801b2c0      0xc  CH_SetWindow.o [1]
  .rodata             const    0x0801b2cc      0xc  CH_SetWindow.o [1]
  .rodata             const    0x0801b2d8      0xc  CH_SetWindow.o [1]
  .rodata             const    0x0801b2e4      0xc  ConfigWindow.o [1]
  .rodata             const    0x0801b2f0      0xc  ConfigWindow.o [1]
  .rodata             const    0x0801b2fc      0xc  ConfigWindow.o [1]
  .rodata             const    0x0801b308      0xc  ConfigWindow.o [1]
  .rodata             const    0x0801b314      0xc  ConfigWindow.o [1]
  .rodata             const    0x0801b320      0xc  ConfigWindow.o [1]
  .rodata             const    0x0801b32c      0xc  Data_Window.o [1]
  .rodata             const    0x0801b338      0xc  Data_Window.o [1]
  .rodata             const    0x0801b344      0xc  Data_Window.o [1]
  .rodata             const    0x0801b350      0xc  Data_Window.o [1]
  .rodata             const    0x0801b35c      0xc  guitask.o [1]
  .rodata             const    0x0801b368      0xc  keytask.o [1]
  .rodata             const    0x0801b374      0xc  main.o [1]
  .rodata             const    0x0801b380      0xc  maintask.o [1]
  .rodata             const    0x0801b38c      0xc  MainWindow.o [1]
  .rodata             const    0x0801b398      0xc  MainWindow.o [1]
  .rodata             const    0x0801b3a4      0xc  MainWindow.o [1]
  .rodata             const    0x0801b3b0      0xc  MainWindow.o [1]
  .rodata             const    0x0801b3bc      0xc  MainWindow.o [1]
  .rodata             const    0x0801b3c8      0xc  MainWindow.o [1]
  .rodata             const    0x0801b3d4      0xc  MainWindow.o [1]
  .rodata             const    0x0801b3e0      0xc  modbustask.o [1]
  .rodata             const    0x0801b3ec      0xc  os_core.o [1]
  .rodata             const    0x0801b3f8      0xc  PassWd_SetWindow.o [1]
  .rodata             const    0x0801b404      0xc  PassWd_SetWindow.o [1]
  .rodata             const    0x0801b410      0xc  PassWd_SetWindow.o [1]
  .rodata             const    0x0801b41c      0xc  rtctask.o [1]
  .rodata             const    0x0801b428      0xc  SampWindow.o [1]
  .rodata             const    0x0801b434      0xc  SampWindow.o [1]
  .rodata             const    0x0801b440      0xc  SampWindow.o [1]
  .rodata             const    0x0801b44c      0xc  SampWindow.o [1]
  .rodata             const    0x0801b458      0xc  SampWindow.o [1]
  .rodata             const    0x0801b464      0xc  SampWindow.o [1]
  .rodata             const    0x0801b470      0xc  SampWindow.o [1]
  .rodata             const    0x0801b47c      0xc  SampWindow.o [1]
  .rodata             const    0x0801b488      0xc  SampWindow.o [1]
  .rodata             const    0x0801b494      0xc  SampWindow.o [1]
  .rodata             const    0x0801b4a0      0xc  SampWindow.o [1]
  .rodata             const    0x0801b4ac      0xc  SysInfo.o [1]
  .rodata             const    0x0801b4b8      0xc  temptask.o [1]
  .text               ro code  0x0801b4c4      0xc  cstartup_M.o [5]
  .rodata             const    0x0801b4d0      0x8  CH_SetWindow.o [1]
  .rodata             const    0x0801b4d8      0x8  CH_SetWindow.o [1]
  .rodata             const    0x0801b4e0      0x8  CH_SetWindow.o [1]
  .rodata             const    0x0801b4e8      0x8  CH_SetWindow.o [1]
  .rodata             const    0x0801b4f0      0x8  CH_SetWindow.o [1]
  .rodata             const    0x0801b4f8      0x8  CH_SetWindow.o [1]
  .rodata             const    0x0801b500      0x8  CH_SetWindow.o [1]
  .rodata             const    0x0801b508      0x8  CH_SetWindow.o [1]
  .rodata             const    0x0801b510      0x8  CH_SetWindow.o [1]
  .rodata             const    0x0801b518      0x8  CH_SetWindow.o [1]
  .rodata             const    0x0801b520      0x8  ConfigWindow.o [1]
  .rodata             const    0x0801b528      0x8  ConfigWindow.o [1]
  .rodata             const    0x0801b530      0x8  ConfigWindow.o [1]
  .rodata             const    0x0801b538      0x8  ConfigWindow.o [1]
  .rodata             const    0x0801b540      0x8  ConfigWindow.o [1]
  .rodata             const    0x0801b548      0x8  ConfigWindow.o [1]
  .rodata             const    0x0801b550      0x8  ConfigWindow.o [1]
  .rodata             const    0x0801b558      0x8  ConfigWindow.o [1]
  .rodata             const    0x0801b560      0x8  ConfigWindow.o [1]
  .rodata             const    0x0801b568      0x8  ConfigWindow.o [1]
  .rodata             const    0x0801b570      0x8  ConfigWindow.o [1]
  .rodata             const    0x0801b578      0x8  ConfigWindow.o [1]
  .rodata             const    0x0801b580      0x8  ConfigWindow.o [1]
  .rodata             const    0x0801b588      0x8  ConfigWindow.o [1]
  .rodata             const    0x0801b590      0x8  ConfigWindow.o [1]
  .rodata             const    0x0801b598      0x8  ConfigWindow.o [1]
  .rodata             const    0x0801b5a0      0x8  ConfigWindow.o [1]
  .rodata             const    0x0801b5a8      0x8  ConfigWindow.o [1]
  .rodata             const    0x0801b5b0      0x8  ConfigWindow.o [1]
  .rodata             const    0x0801b5b8      0x8  ConfigWindow.o [1]
  .rodata             const    0x0801b5c0      0x8  ConfigWindow.o [1]
  .rodata             const    0x0801b5c8      0x8  Data_Window.o [1]
  .rodata             const    0x0801b5d0      0x8  Data_Window.o [1]
  .rodata             const    0x0801b5d8      0x8  Data_Window.o [1]
  .rodata             const    0x0801b5e0      0x8  main.o [1]
  .rodata             const    0x0801b5e8      0x8  MainWindow.o [1]
  .rodata             const    0x0801b5f0      0x8  MainWindow.o [1]
  .rodata             const    0x0801b5f8      0x8  os_core.o [1]
  .rodata             const    0x0801b600      0x8  os_task.o [1]
  .rodata             const    0x0801b608      0x8  PassWd_SetWindow.o [1]
  .rodata             const    0x0801b610      0x8  PassWd_SetWindow.o [1]
  .rodata             const    0x0801b618      0x8  SampWindow.o [1]
  .rodata             const    0x0801b620      0x8  SampWindow.o [1]
  .rodata             const    0x0801b628      0x8  SampWindow.o [1]
  .rodata             const    0x0801b630      0x8  SampWindow.o [1]
  .rodata             const    0x0801b638      0x8  SampWindow.o [1]
  .rodata             const    0x0801b640      0x8  SampWindow.o [1]
  .rodata             const    0x0801b648      0x8  SampWindow.o [1]
  .rodata             const    0x0801b650      0x8  SampWindow.o [1]
  .rodata             const    0x0801b658      0x8  SampWindow.o [1]
  .rodata             const    0x0801b660      0x8  SampWindow.o [1]
  .rodata             const    0x0801b668      0x8  SampWindow.o [1]
  .rodata             const    0x0801b670      0x8  SysInfo.o [1]
  .rodata             const    0x0801b678      0x4  os_cfg_app.o [1]
  .rodata             const    0x0801b67c      0x4  os_cfg_app.o [1]
  .rodata             const    0x0801b680      0x4  os_cfg_app.o [1]
  .rodata             const    0x0801b684      0x4  os_cfg_app.o [1]
  .rodata             const    0x0801b688      0x4  os_cfg_app.o [1]
  .rodata             const    0x0801b68c      0x4  os_cfg_app.o [1]
  .rodata             const    0x0801b690      0x4  os_cfg_app.o [1]
  .rodata             const    0x0801b694      0x4  os_cfg_app.o [1]
  .rodata             const    0x0801b698      0x4  os_cfg_app.o [1]
  .rodata             const    0x0801b69c      0x4  os_cfg_app.o [1]
  .rodata             const    0x0801b6a0      0x4  os_cfg_app.o [1]
  .rodata             const    0x0801b6a4      0x4  os_cfg_app.o [1]
  .rodata             const    0x0801b6a8      0x4  os_cfg_app.o [1]
  .rodata             const    0x0801b6ac      0x4  os_cfg_app.o [1]
  .rodata             const    0x0801b6b0      0x4  os_cfg_app.o [1]
  .rodata             const    0x0801b6b4      0x4  os_cfg_app.o [1]
  .rodata             const    0x0801b6b8      0x4  os_cfg_app.o [1]
  .rodata             const    0x0801b6bc      0x4  os_cfg_app.o [1]
  .rodata             const    0x0801b6c0      0x4  os_cfg_app.o [1]
  .rodata             const    0x0801b6c4      0x4  os_dbg.o [1]
  .rodata             const    0x0801b6c8      0x4  os_dbg.o [1]
  .rodata             const    0x0801b6cc      0x4  os_dbg.o [1]
  .text               ro code  0x0801b6d0      0x4  startup_stm32f40_41xxx.o [1]
  .text               ro code  0x0801b6d4      0x4  startup_stm32f40_41xxx.o [1]
  .text               ro code  0x0801b6d8      0x4  startup_stm32f40_41xxx.o [1]
  .text               ro code  0x0801b6dc      0x4  startup_stm32f40_41xxx.o [1]
  .text               ro code  0x0801b6e0      0x4  startup_stm32f40_41xxx.o [1]
  .text               ro code  0x0801b6e4      0x4  startup_stm32f40_41xxx.o [1]
  .text               ro code  0x0801b6e8      0x4  startup_stm32f40_41xxx.o [1]
  .text               ro code  0x0801b6ec      0x4  startup_stm32f40_41xxx.o [1]
  .text               ro code  0x0801b6f0      0x4  startup_stm32f40_41xxx.o [1]
  .text               ro code  0x0801b6f4      0x4  startup_stm32f40_41xxx.o [1]
  .text               ro code  0x0801b6f8      0x4  startup_stm32f40_41xxx.o [1]
  .text               ro code  0x0801b6fc      0x4  startup_stm32f40_41xxx.o [1]
  .text               ro code  0x0801b700      0x4  startup_stm32f40_41xxx.o [1]
  .text               ro code  0x0801b704      0x4  startup_stm32f40_41xxx.o [1]
  .text               ro code  0x0801b708      0x4  startup_stm32f40_41xxx.o [1]
  .text               ro code  0x0801b70c      0x4  startup_stm32f40_41xxx.o [1]
  .text               ro code  0x0801b710      0x4  startup_stm32f40_41xxx.o [1]
  .text               ro code  0x0801b714      0x4  startup_stm32f40_41xxx.o [1]
  .text               ro code  0x0801b718      0x4  startup_stm32f40_41xxx.o [1]
  .text               ro code  0x0801b71c      0x4  startup_stm32f40_41xxx.o [1]
  .text               ro code  0x0801b720      0x4  startup_stm32f40_41xxx.o [1]
  .text               ro code  0x0801b724      0x4  startup_stm32f40_41xxx.o [1]
  .text               ro code  0x0801b728      0x4  startup_stm32f40_41xxx.o [1]
  .text               ro code  0x0801b72c      0x4  startup_stm32f40_41xxx.o [1]
  .text               ro code  0x0801b730      0x4  startup_stm32f40_41xxx.o [1]
  .text               ro code  0x0801b734      0x4  startup_stm32f40_41xxx.o [1]
  .text               ro code  0x0801b738      0x4  startup_stm32f40_41xxx.o [1]
  .text               ro code  0x0801b73c      0x4  startup_stm32f40_41xxx.o [1]
  .text               ro code  0x0801b740      0x4  startup_stm32f40_41xxx.o [1]
  .text               ro code  0x0801b744      0x4  startup_stm32f40_41xxx.o [1]
  .text               ro code  0x0801b748      0x4  startup_stm32f40_41xxx.o [1]
  .text               ro code  0x0801b74c      0x4  startup_stm32f40_41xxx.o [1]
  .text               ro code  0x0801b750      0x4  startup_stm32f40_41xxx.o [1]
  .text               ro code  0x0801b754      0x4  startup_stm32f40_41xxx.o [1]
  .text               ro code  0x0801b758      0x4  startup_stm32f40_41xxx.o [1]
  .text               ro code  0x0801b75c      0x4  startup_stm32f40_41xxx.o [1]
  .text               ro code  0x0801b760      0x4  startup_stm32f40_41xxx.o [1]
  .text               ro code  0x0801b764      0x4  startup_stm32f40_41xxx.o [1]
  .text               ro code  0x0801b768      0x4  startup_stm32f40_41xxx.o [1]
  .text               ro code  0x0801b76c      0x4  startup_stm32f40_41xxx.o [1]
  .text               ro code  0x0801b770      0x4  startup_stm32f40_41xxx.o [1]
  .text               ro code  0x0801b774      0x4  startup_stm32f40_41xxx.o [1]
  .text               ro code  0x0801b778      0x4  startup_stm32f40_41xxx.o [1]
  .text               ro code  0x0801b77c      0x4  startup_stm32f40_41xxx.o [1]
  .text               ro code  0x0801b780      0x4  startup_stm32f40_41xxx.o [1]
  .text               ro code  0x0801b784      0x4  startup_stm32f40_41xxx.o [1]
  .text               ro code  0x0801b788      0x4  startup_stm32f40_41xxx.o [1]
  .text               ro code  0x0801b78c      0x4  startup_stm32f40_41xxx.o [1]
  .text               ro code  0x0801b790      0x4  startup_stm32f40_41xxx.o [1]
  .text               ro code  0x0801b794      0x4  startup_stm32f40_41xxx.o [1]
  .text               ro code  0x0801b798      0x4  startup_stm32f40_41xxx.o [1]
  .text               ro code  0x0801b79c      0x4  startup_stm32f40_41xxx.o [1]
  .text               ro code  0x0801b7a0      0x4  startup_stm32f40_41xxx.o [1]
  .text               ro code  0x0801b7a4      0x4  startup_stm32f40_41xxx.o [1]
  .text               ro code  0x0801b7a8      0x4  startup_stm32f40_41xxx.o [1]
  .text               ro code  0x0801b7ac      0x4  startup_stm32f40_41xxx.o [1]
  .text               ro code  0x0801b7b0      0x4  startup_stm32f40_41xxx.o [1]
  .text               ro code  0x0801b7b4      0x4  startup_stm32f40_41xxx.o [1]
  .text               ro code  0x0801b7b8      0x4  startup_stm32f40_41xxx.o [1]
  .text               ro code  0x0801b7bc      0x4  startup_stm32f40_41xxx.o [1]
  .text               ro code  0x0801b7c0      0x4  startup_stm32f40_41xxx.o [1]
  .text               ro code  0x0801b7c4      0x4  startup_stm32f40_41xxx.o [1]
  .text               ro code  0x0801b7c8      0x4  startup_stm32f40_41xxx.o [1]
  .text               ro code  0x0801b7cc      0x4  startup_stm32f40_41xxx.o [1]
  .text               ro code  0x0801b7d0      0x4  startup_stm32f40_41xxx.o [1]
  .text               ro code  0x0801b7d4      0x4  startup_stm32f40_41xxx.o [1]
  .text               ro code  0x0801b7d8      0x4  startup_stm32f40_41xxx.o [1]
  .text               ro code  0x0801b7dc      0x4  startup_stm32f40_41xxx.o [1]
  .text               ro code  0x0801b7e0      0x4  startup_stm32f40_41xxx.o [1]
  .text               ro code  0x0801b7e4      0x4  startup_stm32f40_41xxx.o [1]
  .text               ro code  0x0801b7e8      0x4  startup_stm32f40_41xxx.o [1]
  .text               ro code  0x0801b7ec      0x4  startup_stm32f40_41xxx.o [1]
  .text               ro code  0x0801b7f0      0x4  startup_stm32f40_41xxx.o [1]
  .text               ro code  0x0801b7f4      0x4  startup_stm32f40_41xxx.o [1]
  .text               ro code  0x0801b7f8      0x4  startup_stm32f40_41xxx.o [1]
  .text               ro code  0x0801b7fc      0x4  startup_stm32f40_41xxx.o [1]
  .text               ro code  0x0801b800      0x4  startup_stm32f40_41xxx.o [1]
  .text               ro code  0x0801b804      0x4  startup_stm32f40_41xxx.o [1]
  .text               ro code  0x0801b808      0x4  startup_stm32f40_41xxx.o [1]
  .rodata             const    0x0801b80c      0x1  os_dbg.o [1]
  .rodata             const    0x0801b80d      0x1  os_dbg.o [1]
  .rodata             const    0x0801b80e      0x1  os_dbg.o [1]
  .rodata             const    0x0801b80f      0x1  os_dbg.o [1]
  .rodata             const    0x0801b810      0x1  os_dbg.o [1]
  .rodata             const    0x0801b811      0x1  os_dbg.o [1]
  .rodata             const    0x0801b812      0x1  os_dbg.o [1]
  .rodata             const    0x0801b813      0x1  os_dbg.o [1]
  .rodata             const    0x0801b814      0x1  os_dbg.o [1]
  .rodata             const    0x0801b815      0x1  os_dbg.o [1]
  .rodata             const    0x0801b816      0x1  os_dbg.o [1]
  .rodata             const    0x0801b817      0x1  os_dbg.o [1]
  .rodata             const    0x0801b818      0x1  os_dbg.o [1]
  .rodata             const    0x0801b819      0x1  os_dbg.o [1]
  .rodata             const    0x0801b81a      0x1  os_dbg.o [1]
  .rodata             const    0x0801b81b      0x1  os_dbg.o [1]
  .rodata             const    0x0801b81c      0x1  os_dbg.o [1]
  .rodata             const    0x0801b81d      0x1  os_dbg.o [1]
  .rodata             const    0x0801b81e      0x1  os_dbg.o [1]
  .rodata             const    0x0801b81f      0x1  os_dbg.o [1]
  .rodata             const    0x0801b820      0x1  os_dbg.o [1]
  .rodata             const    0x0801b821      0x1  os_dbg.o [1]
  .rodata             const    0x0801b822      0x1  os_dbg.o [1]
  .rodata             const    0x0801b823      0x1  os_dbg.o [1]
  .rodata             const    0x0801b824      0x1  os_dbg.o [1]
  .rodata             const    0x0801b825      0x1  os_dbg.o [1]
  .rodata             const    0x0801b826      0x1  os_dbg.o [1]
  .rodata             const    0x0801b827      0x1  os_dbg.o [1]
  .rodata             const    0x0801b828      0x1  os_dbg.o [1]
  .rodata             const    0x0801b829      0x1  os_dbg.o [1]
  .rodata             const    0x0801b82a      0x0  zero_init3.o [5]
  .rodata             const    0x0801b82a      0x0  packbits_init.o [5]
  Initializer bytes   const    0x0801b82a     0xf5  <for P4 s0>
                             - 0x0801b91f  0x1b797

"P3":                                       0x2000
  CSTACK                       0x10000000   0x2000  <Block>
    CSTACK            uninit   0x10000000   0x2000  <Block tail>
                             - 0x10002000   0x2000

"P4", part 1 of 3:                           0x310
  P4 s0                        0x20000000    0x310  <Init block>
    .data             inited   0x20000000    0x100  global.o [1]
    __DLIB_PERTHREAD  inited   0x20000100     0x88  localeconv.o [3]
    .data             inited   0x20000188     0x80  mb.o [1]
    __DLIB_PERTHREAD  inited   0x20000208     0x74  setlocale.o [3]
    .data             inited   0x2000027c     0x10  stm32f4xx_rcc.o [1]
    .data             inited   0x2000028c      0x8  ds1302.o [1]
    .data             inited   0x20000294      0x8  lcd.o [1]
    .data             inited   0x2000029c      0x8  lcd.o [1]
    .data             inited   0x200002a4      0x8  lcd.o [1]
    .data             inited   0x200002ac      0x8  lcd.o [1]
    .data             inited   0x200002b4      0x8  lcd.o [1]
    .data             inited   0x200002bc      0x8  lcd.o [1]
    .data             inited   0x200002c4      0x8  lcd.o [1]
    .data             inited   0x200002cc      0x4  CH_SetWindow.o [1]
    .data             inited   0x200002d0      0x4  CH_SetWindow.o [1]
    .data             inited   0x200002d4      0x4  CH_SetWindow.o [1]
    .data             inited   0x200002d8      0x4  ConfigWindow.o [1]
    .data             inited   0x200002dc      0x4  ConfigWindow.o [1]
    .data             inited   0x200002e0      0x4  ConfigWindow.o [1]
    .data             inited   0x200002e4      0x4  system_stm32f4xx.o [1]
    __DLIB_PERTHREAD  inited   0x200002e8      0x4  errno.o [3]
    .data             inited   0x200002ec      0x2  port.o [1]
    .data             inited   0x200002ee      0x2  port.o [1]
    .data             inited   0x200002f0      0x2  port.o [1]
    .data             inited   0x200002f2      0x2  port.o [1]
    .data             inited   0x200002f4      0x2  port.o [1]
    .data             inited   0x200002f6      0x2  port.o [1]
    .data             inited   0x200002f8      0x2  port.o [1]
    .data             inited   0x200002fa      0x2  w25qxx.o [1]
    .data             inited   0x200002fc      0x1  CH_SetWindow.o [1]
    .data             inited   0x200002fd      0x1  CH_SetWindow.o [1]
    .data             inited   0x200002fe      0x1  CH_SetWindow.o [1]
    .data             inited   0x200002ff      0x1  ConfigWindow.o [1]
    .data             inited   0x20000300      0x1  ConfigWindow.o [1]
    .data             inited   0x20000301      0x1  ConfigWindow.o [1]
    .data             inited   0x20000302      0x1  ConfigWindow.o [1]
    .data             inited   0x20000303      0x1  ConfigWindow.o [1]
    .data             inited   0x20000304      0x1  ConfigWindow.o [1]
    .data             inited   0x20000305      0x1  ConfigWindow.o [1]
    .data             inited   0x20000306      0x1  ConfigWindow.o [1]
    .data             inited   0x20000307      0x1  global.o [1]
    .data             inited   0x20000308      0x1  key.o [1]
    .data             inited   0x20000309      0x1  MainWindow.o [1]
    .data             inited   0x2000030a      0x1  MainWindow.o [1]
    .data             inited   0x2000030b      0x1  mb.o [1]
    .data             inited   0x2000030c      0x1  SampWindow.o [1]
    .data             inited   0x2000030d      0x1  SampWindow.o [1]
    .data             inited   0x2000030e      0x1  SampWindow.o [1]
    .data             inited   0x2000030f      0x1  SampWindow.o [1]
                             - 0x20000310    0x310

"P4", part 2 of 3:                          0x444c
  .bss                zero     0x20000310    0x800  guitask.o [1]
  .bss                zero     0x20000b10    0x640  os_cfg_app.o [1]
  .bss                zero     0x20001150    0x300  os_var.o [1]
  .bss                zero     0x20001450    0x280  flowcontroltask.o [1]
  .bss                zero     0x200016d0    0x200  keytask.o [1]
  .bss                zero     0x200018d0    0x200  maintask.o [1]
  .bss                zero     0x20001ad0    0x200  modbustask.o [1]
  .bss                zero     0x20001cd0    0x200  os_cfg_app.o [1]
  .bss                zero     0x20001ed0    0x200  os_cfg_app.o [1]
  .bss                zero     0x200020d0    0x200  os_cfg_app.o [1]
  .bss                zero     0x200022d0    0x200  os_cfg_app.o [1]
  .bss                zero     0x200024d0    0x200  os_cfg_app.o [1]
  .bss                zero     0x200026d0    0x200  rtctask.o [1]
  .bss                zero     0x200028d0    0x200  tempcontroltask.o [1]
  .bss                zero     0x20002ad0    0x200  temppressTask.o [1]
  .bss                zero     0x20002cd0    0x200  temptask.o [1]
  .bss                zero     0x20002ed0    0x1d8  dlmalloc.o [3]
  .bss                zero     0x200030a8    0x100  main.o [1]
  .bss                zero     0x200031a8    0x100  main.o [1]
  .bss                zero     0x200032a8    0x100  mbrtu.o [1]
  .bss                zero     0x200033a8     0xe0  key.o [1]
  .bss                zero     0x20003488     0xd0  flowcontroltask.o [1]
  .bss                zero     0x20003558     0xd0  guitask.o [1]
  .bss                zero     0x20003628     0xd0  keytask.o [1]
  .bss                zero     0x200036f8     0xd0  main.o [1]
  .bss                zero     0x200037c8     0xd0  maintask.o [1]
  .bss                zero     0x20003898     0xd0  modbustask.o [1]
  .bss                zero     0x20003968     0xd0  os_var.o [1]
  .bss                zero     0x20003a38     0xd0  os_var.o [1]
  .bss                zero     0x20003b08     0xd0  os_var.o [1]
  .bss                zero     0x20003bd8     0xd0  os_var.o [1]
  .bss                zero     0x20003ca8     0xd0  rtctask.o [1]
  .bss                zero     0x20003d78     0xd0  tempcontroltask.o [1]
  .bss                zero     0x20003e48     0xd0  temppressTask.o [1]
  .bss                zero     0x20003f18     0xd0  temptask.o [1]
  .bss                zero     0x20003fe8     0xb4  adc.o [1]
  .bss                zero     0x2000409c     0xb0  ConfigWindow.o [1]
  .bss                zero     0x2000414c     0xb0  global.o [1]
  .bss                zero     0x200041fc     0x60  ads1118.o [1]
  .bss                zero     0x2000425c     0x58  ConfigWindow.o [1]
  .bss                zero     0x200042b4     0x48  CH_SetWindow.o [1]
  .bss                zero     0x200042fc     0x3c  ads1118.o [1]
  .bss                zero     0x20004338     0x3c  port.o [1]
  .bss                zero     0x20004374     0x30  main.o [1]
  .bss                zero     0x200043a4     0x30  os_var.o [1]
  .bss                zero     0x200043d4     0x2c  ConfigWindow.o [1]
  .bss                zero     0x20004400     0x2c  global.o [1]
  .bss                zero     0x2000442c     0x20  mbfuncother.o [1]
  .bss                zero     0x2000444c     0x18  key.o [1]
  .bss                zero     0x20004464     0x18  dlmalloc.o [3]
  .bss                zero     0x2000447c     0x14  CH_SetWindow.o [1]
  .bss                zero     0x20004490     0x14  CH_SetWindow.o [1]
  .bss                zero     0x200044a4     0x14  CH_SetWindow.o [1]
  .bss                zero     0x200044b8     0x10  CH_SetWindow.o [1]
  .bss                zero     0x200044c8     0x10  CH_SetWindow.o [1]
  .bss                zero     0x200044d8     0x10  CH_SetWindow.o [1]
  .bss                zero     0x200044e8     0x10  cpu_core.o [1]
  .bss                zero     0x200044f8     0x10  flowcontroltask.o [1]
  .bss                zero     0x20004508     0x10  ms5611.o [1]
  .bss                zero     0x20004518     0x10  port.o [1]
  .bss                zero     0x20004528     0x10  timer.o [1]
  .bss                zero     0x20004538     0x10  timer.o [1]
  .bss                zero     0x20004548      0xc  os_var.o [1]
  .bss                zero     0x20004554      0x8  CH_SetWindow.o [1]
  .bss                zero     0x2000455c      0x8  ConfigWindow.o [1]
  .bss                zero     0x20004564      0x8  global.o [1]
  .bss                zero     0x2000456c      0x8  global.o [1]
  .bss                zero     0x20004574      0x8  global.o [1]
  .bss                zero     0x2000457c      0x8  global.o [1]
  .bss                zero     0x20004584      0x8  global.o [1]
  .bss                zero     0x2000458c      0x4  ads1118.o [1]
  .bss                zero     0x20004590      0x8  maintask.o [1]
  .bss                zero     0x20004598      0x8  ms5611.o [1]
  .bss                zero     0x200045a0      0x8  ms5611.o [1]
  .bss                zero     0x200045a8      0x8  os_prio.o [1]
  .bss                zero     0x200045b0      0x8  os_var.o [1]
  .bss                zero     0x200045b8      0x8  os_var.o [1]
  .bss                zero     0x200045c0      0x8  port.o [1]
  .bss                zero     0x200045c8      0x8  port.o [1]
  .bss                zero     0x200045d0      0x8  port.o [1]
  .bss                zero     0x200045d8      0x8  port.o [1]
  .bss                zero     0x200045e0      0x8  port.o [1]
  .bss                zero     0x200045e8      0x8  tempcontroltask.o [1]
  .bss                zero     0x200045f0      0x8  tempcontroltask.o [1]
  .bss                zero     0x200045f8      0x8  tempcontroltask.o [1]
  .bss                zero     0x20004600      0x4  CH_SetWindow.o [1]
  .bss                zero     0x20004604      0x4  CH_SetWindow.o [1]
  .bss                zero     0x20004608      0x4  CH_SetWindow.o [1]
  .bss                zero     0x2000460c      0x4  ConfigWindow.o [1]
  .bss                zero     0x20004610      0x4  cpu_core.o [1]
  .bss                zero     0x20004614      0x4  global.o [1]
  .bss                zero     0x20004618      0x4  global.o [1]
  .bss                zero     0x2000461c      0x4  global.o [1]
  .bss                zero     0x20004620      0x4  global.o [1]
  .bss                zero     0x20004624      0x4  global.o [1]
  .bss                zero     0x20004628      0x4  global.o [1]
  .bss                zero     0x2000462c      0x4  global.o [1]
  .bss                zero     0x20004630      0x4  global.o [1]
  .bss                zero     0x20004634      0x4  mb.o [1]
  .bss                zero     0x20004638      0x4  mb.o [1]
  .bss                zero     0x2000463c      0x4  mb.o [1]
  .bss                zero     0x20004640      0x4  mb.o [1]
  .bss                zero     0x20004644      0x4  mb.o [1]
  .bss                zero     0x20004648      0x4  mb.o [1]
  .bss                zero     0x2000464c      0x4  mb.o [1]
  .bss                zero     0x20004650      0x4  mb.o [1]
  .bss                zero     0x20004654      0x4  mb.o [1]
  .bss                zero     0x20004658      0x4  mbrtu.o [1]
  .bss                zero     0x2000465c      0x4  ms5611.o [1]
  .bss                zero     0x20004660      0x4  ms5611.o [1]
  .bss                zero     0x20004664      0x4  ms5611.o [1]
  .bss                zero     0x20004668      0x4  ms5611.o [1]
  .bss                zero     0x2000466c      0x4  ms5611.o [1]
  .bss                zero     0x20004670      0x4  ms5611.o [1]
  .bss                zero     0x20004674      0x4  ms5611.o [1]
  .bss                zero     0x20004678      0x4  ms5611.o [1]
  .bss                zero     0x2000467c      0x4  os_cpu_c.o [1]
  .bss                zero     0x20004680      0x4  os_var.o [1]
  .bss                zero     0x20004684      0x4  os_var.o [1]
  .bss                zero     0x20004688      0x4  os_var.o [1]
  .bss                zero     0x2000468c      0x4  os_var.o [1]
  .bss                zero     0x20004690      0x4  os_var.o [1]
  .bss                zero     0x20004694      0x4  os_var.o [1]
  .bss                zero     0x20004698      0x4  os_var.o [1]
  .bss                zero     0x2000469c      0x4  os_var.o [1]
  .bss                zero     0x200046a0      0x4  os_var.o [1]
  .bss                zero     0x200046a4      0x4  os_var.o [1]
  .bss                zero     0x200046a8      0x4  os_var.o [1]
  .bss                zero     0x200046ac      0x4  os_var.o [1]
  .bss                zero     0x200046b0      0x4  os_var.o [1]
  .bss                zero     0x200046b4      0x4  os_var.o [1]
  .bss                zero     0x200046b8      0x4  os_var.o [1]
  .bss                zero     0x200046bc      0x4  os_var.o [1]
  .bss                zero     0x200046c0      0x4  os_var.o [1]
  .bss                zero     0x200046c4      0x4  os_var.o [1]
  .bss                zero     0x200046c8      0x4  os_var.o [1]
  .bss                zero     0x200046cc      0x4  os_var.o [1]
  .bss                zero     0x200046d0      0x4  os_var.o [1]
  .bss                zero     0x200046d4      0x4  os_var.o [1]
  .bss                zero     0x200046d8      0x4  os_var.o [1]
  .bss                zero     0x200046dc      0x4  os_var.o [1]
  .bss                zero     0x200046e0      0x4  os_var.o [1]
  .bss                zero     0x200046e4      0x4  os_var.o [1]
  .bss                zero     0x200046e8      0x4  os_var.o [1]
  .bss                zero     0x200046ec      0x4  os_var.o [1]
  .bss                zero     0x200046f0      0x4  os_var.o [1]
  .bss                zero     0x200046f4      0x4  os_var.o [1]
  .bss                zero     0x200046f8      0x4  os_var.o [1]
  .bss                zero     0x200046fc      0x4  os_var.o [1]
  .bss                zero     0x20004700      0x4  os_var.o [1]
  .bss                zero     0x20004704      0x4  SampWindow.o [1]
  .bss                zero     0x20004708      0x4  xgetmemchunk.o [3]
  .bss                zero     0x2000470c      0x2  CH_SetWindow.o [1]
  .bss                zero     0x2000470e      0x2  delay.o [1]
  .bss                zero     0x20004710      0x2  mb.o [1]
  .bss                zero     0x20004712      0x2  mbfuncother.o [1]
  .bss                zero     0x20004714      0x2  mbrtu.o [1]
  .bss                zero     0x20004716      0x2  mbrtu.o [1]
  .bss                zero     0x20004718      0x2  os_var.o [1]
  .bss                zero     0x2000471a      0x2  os_var.o [1]
  .bss                zero     0x2000471c      0x2  os_var.o [1]
  .bss                zero     0x2000471e      0x2  os_var.o [1]
  .bss                zero     0x20004720      0x2  os_var.o [1]
  .bss                zero     0x20004722      0x2  os_var.o [1]
  .bss                zero     0x20004724      0x2  os_var.o [1]
  .bss                zero     0x20004726      0x2  os_var.o [1]
  .bss                zero     0x20004728      0x2  os_var.o [1]
  .bss                zero     0x2000472a      0x2  os_var.o [1]
  .bss                zero     0x2000472c      0x2  tempcontroltask.o [1]
  .bss                zero     0x2000472e      0x2  timer.o [1]
  .bss                zero     0x20004730      0x1  ads1118.o [1]
  .bss                zero     0x20004731      0x1  CH_SetWindow.o [1]
  .bss                zero     0x20004732      0x1  ConfigWindow.o [1]
  .bss                zero     0x20004733      0x1  ConfigWindow.o [1]
  .bss                zero     0x20004734      0x1  ConfigWindow.o [1]
  .bss                zero     0x20004735      0x1  ConfigWindow.o [1]
  .bss                zero     0x20004736      0x1  delay.o [1]
  .bss                zero     0x20004737      0x1  global.o [1]
  .bss                zero     0x20004738      0x1  global.o [1]
  .bss                zero     0x20004739      0x1  global.o [1]
  .bss                zero     0x2000473a      0x1  global.o [1]
  .bss                zero     0x2000473b      0x1  global.o [1]
  .bss                zero     0x2000473c      0x1  global.o [1]
  .bss                zero     0x2000473d      0x1  global.o [1]
  .bss                zero     0x2000473e      0x1  global.o [1]
  .bss                zero     0x2000473f      0x1  global.o [1]
  .bss                zero     0x20004740      0x1  global.o [1]
  .bss                zero     0x20004741      0x1  global.o [1]
  .bss                zero     0x20004742      0x1  global.o [1]
  .bss                zero     0x20004743      0x1  global.o [1]
  .bss                zero     0x20004744      0x1  mb.o [1]
  .bss                zero     0x20004745      0x1  mb.o [1]
  .bss                zero     0x20004746      0x1  mb.o [1]
  .bss                zero     0x20004747      0x1  mb.o [1]
  .bss                zero     0x20004748      0x1  mb.o [1]
  .bss                zero     0x20004749      0x1  mbrtu.o [1]
  .bss                zero     0x2000474a      0x1  mbrtu.o [1]
  .bss                zero     0x2000474b      0x1  os_var.o [1]
  .bss                zero     0x2000474c      0x1  os_var.o [1]
  .bss                zero     0x2000474d      0x1  os_var.o [1]
  .bss                zero     0x2000474e      0x1  os_var.o [1]
  .bss                zero     0x2000474f      0x1  os_var.o [1]
  .bss                zero     0x20004750      0x1  os_var.o [1]
  .bss                zero     0x20004751      0x1  os_var.o [1]
  .bss                zero     0x20004752      0x1  os_var.o [1]
  .bss                zero     0x20004753      0x1  os_var.o [1]
  .bss                zero     0x20004754      0x1  os_var.o [1]
  .bss                zero     0x20004755      0x1  portevent.o [1]
  .bss                zero     0x20004756      0x1  portevent.o [1]
  .bss                zero     0x20004757      0x1  SampWindow.o [1]
  .bss                zero     0x20004758      0x1  SampWindow.o [1]
  .bss                zero     0x20004759      0x1  timer.o [1]
                             - 0x2000475a   0x444a

"P4", part 3 of 3:                          0x2000
  HEAP                         0x20004760   0x2000  <Block>
    HEAP              uninit   0x20004760   0x2000  <Block tail>
                             - 0x20006760   0x2000


*******************************************************************************
*** INIT TABLE
***

          Address     Size
          -------     ----
Zero (__iar_zero_init3)
    1 destination range, total size 0x444a:
          0x20000310  0x444a

Copy/packbits (__iar_packbits_init3)
    1 source range, total size 0xf5 (31% of destination):
          0x0801b82a    0xf5
    1 destination range, total size 0x310:
          0x20000000   0x310



*******************************************************************************
*** MODULE SUMMARY
***

    Module                    ro code  ro data  rw data
    ------                    -------  -------  -------
E:\WORK\YX-TMP-CT4S UCOSIII-F4\Project\IAR\Debug\Obj: [1]
    CH_SetWindow.o              9 870      465      218
    ConfigWindow.o             13 280      471      344
    Data_Window.o                 484      160
    MainWindow.o                1 760    3 157        2
    PassWd_SetWindow.o          2 780      132
    SampWindow.o                5 056    3 522       10
    SysInfo.o                     236      172
    adc.o                         304               180
    ads1118.o                     968               161
    ads1248.o                   2 072    6 004
    bsp.o                          84
    cpu_a.o                        52
    cpu_core.o                     76                20
    delay.o                       252                 3
    ds1302.o                      960        3        8
    ds18b20.o                     784
    flow_PID.o                    428
    flowcontroltask.o           2 304       20      864
    fm24cl64.o                    760
    global.o                       20       80      562
    guitask.o                     288       12    2 256
    key.o                       1 768               249
    keytask.o                     284       12      720
    lcd.o                       2 568       17       56
    lib_mem.o                     118
    main.o                        404       20      768
    maintask.o                    328       12      728
    mb.o                          572       40      172
    mbcrc.o                        68      512
    mbfunccoils.o                 482
    mbfuncdisc.o                  186
    mbfuncholding.o               642
    mbfuncinput.o                 162
    mbfuncother.o                  52                34
    mbrtu.o                       844      260      266
    mbutils.o                      46
    misc.o                        176
    modbustask.o                  104       12      720
    ms5611.o                    1 840                64
    os_cfg_app.o                    2       81    4 160
    os_core.o                   2 812       40
    os_cpu_a.o                    264
    os_cpu_c.o                    828                 4
    os_dbg.o                      532      345
    os_mem.o                       28
    os_msg.o                      256
    os_mutex.o                  1 228
    os_prio.o                     168                 8
    os_stat.o                   1 360       20
    os_task.o                   3 024        8
    os_tick.o                   1 244       20
    os_time.o                     712
    os_tmr.o                    1 432       40
    os_var.o                                      1 838
    polyfit.o                   1 608
    port.o                      1 746        5      130
    portevent.o                    68                 2
    portserial.o                  236
    porttimer.o                   272
    rtctask.o                     104       12      720
    startup_stm32f40_41xxx.o      724
    stm32f4xx_adc.o               464
    stm32f4xx_dma.o               120
    stm32f4xx_gpio.o              310
    stm32f4xx_it.o                 20
    stm32f4xx_rcc.o               384        5       16
    stm32f4xx_spi.o               124
    stm32f4xx_tim.o               876
    stm32f4xx_usart.o             532
    sys.o                          16
    system_stm32f4xx.o            340        1        4
    target.o                      680
    tempPID.o                     844
    tempcontroltask.o             468       20      746
    temppressTask.o               132       16      720
    temptask.o                    116       12      720
    timer.o                     1 616                35
    usart.o                       172
    w25qxx.o                      444                 2
    ---------------------------------------------------
    Total:                     79 768   15 708   17 510

command line: [2]
    ---------------------------------------------------
    Total:

dl7M_tlf.a: [3]
    abort.o                         6
    div.o                          14
    dlmalloc.o                  5 364               496
    errno.o                        12        1        4
    exit.o                          4
    localeconv.o                  108       42      136
    low_level_init.o                4
    setlocale.o                    20       36      116
    sprintf.o                      52
    strncmp.o                      44
    xencoding_sb.o                 96
    xgetmemchunk.o                 44                 4
    xmbcurmax.o                    10
    xmbtowc.o                      32
    xprintffull.o               4 506
    xsprout.o                      10
    xtls.o                          2
    xwctomb.o                      26
    ---------------------------------------------------
    Total:                     10 354       79      756

m7M_tls.a: [4]
    DblAdd.o                      232
    DblCmpEq.o                     32
    DblCmpGe.o                     46
    DblCmpLe.o                     46
    DblDiv.o                      598
    DblMul.o                      418
    DblSub.o                      384
    DblToFlt.o                    144
    DblToI32.o                     88
    FltToDbl.o                     78
    I32ToDbl.o                     48
    fpinit_M.o                     34
    pow.o                       2 240
    xdint.o                       126
    xdnorm.o                       68
    xdscale.o                     276
    xdtest.o                       64
    xexp.o                        710
    xlog.o                        176
    ---------------------------------------------------
    Total:                      5 808

rt7M_tl.a: [5]
    ABImemclr4.o                    6
    ABImemcpy_unaligned.o         118
    ABImemset.o                   102
    ABImemset48.o                  50
    I64DivMod.o                   306
    I64DivZer.o                     2
    cexit.o                        10
    cmain.o                        26
    cstartup_M.o                   12
    data_init.o                    40
    memchr.o                       88
    packbits_init.o               206
    strchr.o                       22
    strlen.o                       54
    zero_init3.o                   64
    ---------------------------------------------------
    Total:                      1 106

shb_l.a: [6]
    ABIassert.o                    36
    exit.o                         20
    ---------------------------------------------------
    Total:                         56

    Gaps                                     4
    Linker created                          44   16 384
-------------------------------------------------------
    Grand Total:               97 092   15 835   34 650


*******************************************************************************
*** ENTRY LIST
***

Entry                      Address    Size  Type      Object
-----                      -------    ----  ----      ------
.iar.init_table$$Base   0x0801aeac           --   Gb  - Linker created -
.iar.init_table$$Limit  0x0801aed8           --   Gb  - Linker created -
?main                   0x0801afa1          Code  Gb  cmain.o [5]
ADC1_Init               0x08019e45   0x11c  Code  Gb  adc.o [1]
ADC_Cmd                 0x08019997    0x1a  Code  Gb  stm32f4xx_adc.o [1]
ADC_CommonInit          0x08019975    0x22  Code  Gb  stm32f4xx_adc.o [1]
ADC_ConvertedValue      0x20003fe8    0xb4  Data  Lc  adc.o [1]
ADC_DMACmd              0x08019ab1    0x1a  Code  Gb  stm32f4xx_adc.o [1]
ADC_DMARequestAfterLastTransferCmd
                        0x08019acb    0x1a  Code  Gb  stm32f4xx_adc.o [1]
ADC_Init                0x08019925    0x50  Code  Gb  stm32f4xx_adc.o [1]
ADC_RegularChannelConfig
                        0x080199b1    0xf6  Code  Gb  stm32f4xx_adc.o [1]
ADC_SoftwareStartConv   0x08019aa7     0xa  Code  Gb  stm32f4xx_adc.o [1]
ADS1118_ReadWriteReg    0x08014ed7    0x28  Code  Gb  ads1118.o [1]
ADS1118_WriteByte       0x08014e43    0x94  Code  Gb  ads1118.o [1]
ADS118_Convert          0x08014eff    0x84  Code  Gb  ads1118.o [1]
ADS1248_Delay           0x080152f1    0x20  Code  Gb  ads1248.o [1]
ADS1248_Init            0x080155c5   0x152  Code  Gb  ads1248.o [1]
ADS1248_ReadADC         0x08015717   0x284  Code  Gb  ads1248.o [1]
ADS1248_ReadByte        0x08015501     0xa  Code  Gb  ads1248.o [1]
ADS1248_ReadREG         0x08015591    0x34  Code  Gb  ads1248.o [1]
ADS1248_ResToTemp       0x0801599d   0x13a  Code  Gb  ads1248.o [1]
ADS1248_SetBurnoutCurrentAndInputChannel
                        0x08015551    0x22  Code  Gb  ads1248.o [1]
ADS1248_SetIDAC         0x0801550b    0x28  Code  Gb  ads1248.o [1]
ADS1248_SetPGAGainAndDataRate
                        0x08015533    0x1e  Code  Gb  ads1248.o [1]
ADS1248_SetReference    0x08015573    0x1e  Code  Gb  ads1248.o [1]
APBAHBPrescTable        0x2000027c    0x10  Data  Lc  stm32f4xx_rcc.o [1]
Ambience_Temp           0x20004618     0x4  Data  Gb  global.o [1]
AsciiToBcd              0x08005709    0x26  Code  Lc  ds1302.o [1]
BSP_CPU_ClkFreq         0x080126f1    0x10  Code  Gb  bsp.o [1]
BcdToAscii              0x0800572f    0x22  Code  Lc  ds1302.o [1]
BusFault_Handler        0x0801aee5     0x2  Code  Gb  stm32f4xx_it.o [1]
Button_Detect           0x08004239   0x344  Code  Gb  key.o [1]
CH_Checked              0x08008cb5    0x24  Code  Gb  CH_SetWindow.o [1]
CH_N                    0x200002fd     0x1  Data  Gb  CH_SetWindow.o [1]
CH_SetSelect            0x20004731     0x1  Data  Gb  CH_SetWindow.o [1]
CH_Uncheck              0x08008cd9    0x2a  Code  Gb  CH_SetWindow.o [1]
CH_subselet             0x2000030e     0x1  Data  Gb  SampWindow.o [1]
CPU_CntLeadZeros        0x08012763          Code  Gb  cpu_a.o [1]
CPU_CntTrailZeros       0x08012769          Code  Gb  cpu_a.o [1]
CPU_Init                0x08012c45     0xc  Code  Gb  cpu_core.o [1]
CPU_IntDis              0x08012745          Code  Gb  cpu_a.o [1]
CPU_IntEn               0x08012749          Code  Gb  cpu_a.o [1]
CPU_Name                0x200044e8    0x10  Data  Gb  cpu_core.o [1]
CPU_NameClr             0x08012c51    0x1a  Code  Gb  cpu_core.o [1]
CPU_NameInit            0x08012c71     0x8  Code  Lc  cpu_core.o [1]
CPU_RevBits             0x08012773          Code  Gb  cpu_a.o [1]
CPU_SR_Restore          0x08012755          Code  Gb  cpu_a.o [1]
CPU_SR_Save             0x0801274d          Code  Gb  cpu_a.o [1]
CPU_TS_Init             0x08012c79     0xe  Code  Lc  cpu_core.o [1]
CPU_TS_TmrFreqSet       0x08012c6b     0x6  Code  Gb  cpu_core.o [1]
CPU_TS_TmrFreq_Hz       0x20004610     0x4  Data  Gb  cpu_core.o [1]
CPU_TS_TmrInit          0x08012701    0x2e  Code  Gb  bsp.o [1]
CPU_TS_TmrRd            0x0801272f     0x8  Code  Gb  bsp.o [1]
CPU_WaitForExcept       0x0801275f          Code  Gb  cpu_a.o [1]
CPU_WaitForInt          0x0801275b          Code  Gb  cpu_a.o [1]
CSTACK$$Base            0x10000000           --   Gb  - Linker created -
CSTACK$$Limit           0x10002000           --   Gb  - Linker created -
Cal_C                   0x20004508    0x10  Data  Lc  ms5611.o [1]
Cal_CRC                 0x0801822d    0x3a  Code  Gb  ds18b20.o [1]
Cal_FlowValue           0x0801447d   0x824  Code  Gb  flowcontroltask.o [1]
Calc_BitsOfNum          0x08006675    0x16  Code  Lc  CH_SetWindow.o [1]
Calibrate_Flag          0x20004735     0x1  Data  Gb  ConfigWindow.o [1]
Calibrate_State         0x2000462c     0x4  Data  Gb  global.o [1]
Calibrate_buff          0x200031a8   0x100  Data  Gb  main.o [1]
CalibrationCH           0x20000302     0x1  Data  Gb  ConfigWindow.o [1]
CalibrationChar         0x2000409c    0xb0  Data  Gb  ConfigWindow.o [1]
CalibrationFlow         0x20004734     0x1  Data  Gb  ConfigWindow.o [1]
CalibrationVaule        0x2000425c    0x58  Data  Gb  ConfigWindow.o [1]
Calibration_Ch          0x20004737     0x1  Data  Gb  global.o [1]
Change_PassWd           0x08008e35   0x964  Code  Gb  PassWd_SetWindow.o [1]
Change_menu             0x08004781   0x39e  Code  Gb  MainWindow.o [1]
Channel_N               0x0801b268    0x10  Data  Gb  SysInfo.o [1]
Channel_Select          0x08006cb9  0x1cd0  Code  Gb  CH_SetWindow.o [1]
Channel_flag            0x2000473c     0x1  Data  Gb  global.o [1]
Clear_Arrow             0x08003c8b    0x1e  Code  Gb  lcd.o [1]
Clear_LCD               0x080036bb    0x32  Code  Gb  lcd.o [1]
Clear_LastArrow         0x0800309d    0x9a  Code  Gb  ConfigWindow.o [1]
CmdEnd                  0x080035cd    0x4a  Code  Gb  lcd.o [1]
ConfigSub_Select        0x08000521  0x227a  Code  Gb  ConfigWindow.o [1]
Config_Num              0x200002ff     0x1  Data  Gb  ConfigWindow.o [1]
Config_Select           0x08000209   0x2e2  Code  Gb  ConfigWindow.o [1]
CreateFlowControlTask   0x08014cd3    0x38  Code  Gb  flowcontroltask.o [1]
CreateGUITask           0x0801a1db    0x3a  Code  Gb  guitask.o [1]
CreateKeyTask           0x0801a401    0x38  Code  Gb  keytask.o [1]
CreateMODBUSTask        0x0801a479    0x38  Code  Gb  modbustask.o [1]
CreateMainTask          0x0801a05b    0x38  Code  Gb  maintask.o [1]
CreateRTCTask           0x0801a2f5    0x38  Code  Gb  rtctask.o [1]
CreateTempControlTask   0x080198b9    0x38  Code  Gb  tempcontroltask.o [1]
CreateTempPressTask     0x0801a283    0x38  Code  Gb  temppressTask.o [1]
CreateTempTask          0x0801a0e3    0x38  Code  Gb  temptask.o [1]
D1_Pres                 0x2000465c     0x4  Data  Lc  ms5611.o [1]
D2_Temp                 0x20004660     0x4  Data  Lc  ms5611.o [1]
DATAOUT                 0x08003569    0x16  Code  Gb  lcd.o [1]
DEBUG_MODE              0x20004614     0x4  Data  Gb  global.o [1]
DMA_Cmd                 0x0801a519    0x1a  Code  Gb  stm32f4xx_dma.o [1]
DMA_Init                0x0801a4c1    0x58  Code  Gb  stm32f4xx_dma.o [1]
DS1302_Check            0x08005ab1    0x18  Code  Gb  ds1302.o [1]
DS18B20_Check           0x0801829d    0x64  Code  Gb  ds18b20.o [1]
DS18B20_Get_Temp        0x0801843d    0xe2  Code  Gb  ds18b20.o [1]
DS18B20_Read_Bit        0x08018301    0x72  Code  Gb  ds18b20.o [1]
DS18B20_Read_Byte       0x08018373    0x36  Code  Gb  ds18b20.o [1]
DS18B20_Rst             0x08018267    0x36  Code  Gb  ds18b20.o [1]
DS18B20_Start           0x08018425    0x18  Code  Gb  ds18b20.o [1]
DS18B20_Write_Byte      0x080183a9    0x7c  Code  Gb  ds18b20.o [1]
Data_Flag               0x2000473a     0x1  Data  Gb  global.o [1]
Data_Select             0x08006617    0x2e  Code  Gb  Data_Window.o [1]
DebugMon_Handler        0x0801aeeb     0x2  Code  Gb  stm32f4xx_it.o [1]
Definite_Count          0x20004528    0x10  Data  Gb  timer.o [1]
Definite_TimeChar       0x20004490    0x14  Data  Gb  CH_SetWindow.o [1]
Definite_TimeTemp       0x200044c8    0x10  Data  Gb  CH_SetWindow.o [1]
Delay10us               0x08005cc5    0x1c  Code  Gb  target.o [1]
Delay_100ns             0x08005ac9    0x3e  Code  Gb  target.o [1]
Delay_Nus               0x08005b07   0x1be  Code  Gb  target.o [1]
Delayms                 0x08005ce1    0x18  Code  Gb  target.o [1]
DispState_time          0x2000473f     0x1  Data  Gb  global.o [1]
Disp_BaudSetWindow      0x08002947   0x14e  Code  Gb  ConfigWindow.o [1]
Disp_CalibrationWindow  0x08002a9d   0x1b4  Code  Gb  ConfigWindow.o [1]
Disp_CheckedIcon        0x08008d37    0x24  Code  Gb  PassWd_SetWindow.o [1]
Disp_ConfigWindow       0x08000189    0x80  Code  Gb  ConfigWindow.o [1]
Disp_Data               0x08006491   0x186  Code  Gb  Data_Window.o [1]
Disp_InputNum           0x08003137   0x24e  Code  Gb  ConfigWindow.o [1]
Disp_MainWindow         0x080045fd   0x184  Code  Gb  MainWindow.o [1]
Disp_NowFlow            0x080033a5   0x10a  Code  Gb  ConfigWindow.o [1]
Disp_SampWindow         0x080098cd   0x62c  Code  Gb  SampWindow.o [1]
Disp_SetWindow          0x080066b5   0x562  Code  Gb  CH_SetWindow.o [1]
Disp_Set_State          0x0800899d   0x27e  Code  Gb  CH_SetWindow.o [1]
Disp_State              0x08004b1f   0x13c  Code  Gb  MainWindow.o [1]
Disp_Sys_Info           0x080097e1    0x94  Code  Gb  SysInfo.o [1]
Disp_TimeSetWindow      0x0800279b   0x1ac  Code  Gb  ConfigWindow.o [1]
Disp_UncheckIcon        0x08008d05    0x32  Code  Gb  PassWd_SetWindow.o [1]
Draw_Arrow              0x08003c41    0x4a  Code  Gb  lcd.o [1]
Draw_Circle             0x08003bb5    0x46  Code  Gb  lcd.o [1]
Draw_Dot                0x08003a47    0x42  Code  Gb  lcd.o [1]
[...]
TempPressTaskTCB        0x20003e48    0xd0  Data  Gb  temppressTask.o [1]
TempTask                0x0801a0bd    0x26  Code  Gb  temptask.o [1]
TempTaskTCB             0x20003f18    0xd0  Data  Gb  temptask.o [1]
Temperatur_Temp         0x2000470c     0x2  Data  Gb  CH_SetWindow.o [1]
TimeValue               0x2000028c     0x8  Data  Gb  ds1302.o [1]
Time_Set_Num            0x20000300     0x1  Data  Gb  ConfigWindow.o [1]
Time_Set_Vaule          0x2000455c     0x8  Data  Gb  ConfigWindow.o [1]
Time_flag               0x20004740     0x1  Data  Gb  global.o [1]
USART1_IRQHandler       0x08016d8f    0x4a  Code  Gb  portserial.o [1]
USART_ClearITPendingBit
                        0x0801718f    0x26  Code  Gb  stm32f4xx_usart.o [1]
USART_Cmd               0x0801709d    0x1c  Code  Gb  stm32f4xx_usart.o [1]
USART_GetITStatus       0x0801711f    0x70  Code  Gb  stm32f4xx_usart.o [1]
USART_ITConfig          0x080170c9    0x56  Code  Gb  stm32f4xx_usart.o [1]
USART_Init              0x08016fa1    0xee  Code  Gb  stm32f4xx_usart.o [1]
USART_ReceiveData       0x080170c1     0x8  Code  Gb  stm32f4xx_usart.o [1]
USART_SendData          0x080170b9     0x8  Code  Gb  stm32f4xx_usart.o [1]
Uart_Baud               0x0801ad64    0x2c  Data  Gb  ConfigWindow.o [1]
Uart_Baud_Save          0x200002d8     0x4  Data  Gb  ConfigWindow.o [1]
Uart_Bits               0x08004d62     0x2  Data  Gb  ConfigWindow.o [1]
Uart_Bits_Save          0x200002dc     0x4  Data  Gb  ConfigWindow.o [1]
Uart_Parity_Save        0x2000460c     0x4  Data  Gb  ConfigWindow.o [1]
Uart_Set_Num            0x20000301     0x1  Data  Gb  ConfigWindow.o [1]
Uart_Stop               0x08005dd6     0x2  Data  Gb  ConfigWindow.o [1]
Uart_Stop_Save          0x200002e0     0x4  Data  Gb  ConfigWindow.o [1]
Uart_flag               0x20004741     0x1  Data  Gb  global.o [1]
Updata_flag             0x20004742     0x1  Data  Gb  global.o [1]
UsageFault_Handler      0x0801aee7     0x2  Code  Gb  stm32f4xx_it.o [1]
Ushort_To_Double        0x20004590     0x8  Data  Gb  maintask.o [1]
W25QXX_Init             0x08019c3b    0x1c  Code  Gb  w25qxx.o [1]
W25QXX_ReadID           0x08019c57    0x44  Code  Gb  w25qxx.o [1]
W25QXX_TYPE             0x200002fa     0x2  Data  Gb  w25qxx.o [1]
WritePKG                0x08003617    0x26  Code  Gb  lcd.o [1]
_EncodingSb_Mbtowc      0x080102f3    0x30  Code  Gb  xencoding_sb.o [3]
_EncodingSb_Mbtowc::initial
                        0x08010330     0x8  Data  Lc  xencoding_sb.o [3]
_EncodingSb_Wctomb      0x080102d9    0x1a  Code  Gb  xencoding_sb.o [3]
_EncodingSb_Wctomb::initial
                        0x08010328     0x8  Data  Lc  xencoding_sb.o [3]
_GenldFull              0x0800e0d9   0x254  Code  Lc  xprintffull.o [3]
_IsdstStr               0x2000020c     0x4  Data  Gb  setlocale.o [3]
_LdtobFull              0x0800dcd9   0x3fa  Code  Lc  xprintffull.o [3]
_LitobFull              0x0800dbcd   0x10a  Code  Lc  xprintffull.o [3]
_LocaleEncoding         0x080102c5     0xe  Code  Gb  setlocale.o [3]
_LocaleReturnString     0x2000022c    0x50  Data  Lc  setlocale.o [3]
_Locale_Profile         0x20000210    0x1c  Data  Gb  setlocale.o [3]
_Locale_aeabi_lconv     0x20000150    0x38  Data  Gb  localeconv.o [3]
_Locale_lconv           0x20000100    0x50  Data  Gb  localeconv.o [3]
_Mbtowc                 0x0800f081    0x20  Code  Gb  xmbtowc.o [3]
_PrintfFull             0x0800d1dd   0x660  Code  Gb  xprintffull.o [3]
_PutcharsFull           0x0800e32d    0x2e  Code  Lc  xprintffull.o [3]
_PutstrFull             0x0800d8c1   0x306  Code  Lc  xprintffull.o [3]
_SProut                 0x08004d53     0xa  Code  Gb  xsprout.o [3]
_TzoneStr               0x20000208     0x4  Data  Gb  setlocale.o [3]
_Wctomb                 0x0800f11b    0x1a  Code  Gb  xwctomb.o [3]
__aeabi_assert          0x08016ef5    0x24  Code  Gb  ABIassert.o [6]
__aeabi_cdcmpeq         0x0800b3a5          Code  Gb  DblCmpEq.o [4]
__aeabi_cdcmple         0x0800ad11          Code  Gb  DblCmpLe.o [4]
__aeabi_cdrcmple        0x0800ec51          Code  Gb  DblCmpGe.o [4]
__aeabi_d2f             0x0800e475          Code  Gb  DblToFlt.o [4]
__aeabi_d2iz            0x0800ec81          Code  Gb  DblToI32.o [4]
__aeabi_d2uiz           0x0800ecad          Code  Gb  DblToI32.o [4]
__aeabi_dadd            0x0800ad41          Code  Gb  DblAdd.o [4]
__aeabi_ddiv            0x0800afcd          Code  Gb  DblDiv.o [4]
__aeabi_dmul            0x0800ae29          Code  Gb  DblMul.o [4]
__aeabi_dsub            0x0800b225          Code  Gb  DblSub.o [4]
__aeabi_errno_addr      0x0800ec45     0x6  Code  Gb  errno.o [3]
__aeabi_f2d             0x0800ac8d          Code  Gb  FltToDbl.o [4]
__aeabi_i2d             0x08004d65          Code  Gb  I32ToDbl.o [4]
__aeabi_ldiv0           0x08010339          Code  Gb  I64DivZer.o [5]
__aeabi_ldivmod         0x0800f135          Code  Gb  I64DivMod.o [5]
__aeabi_memclr4         0x08004d5d          Code  Gb  ABImemclr4.o [5]
__aeabi_memset          0x08005d71          Code  Gb  ABImemset.o [5]
__aeabi_ui2d            0x08004d79          Code  Gb  I32ToDbl.o [4]
__aeabi_uldivmod        0x0800f179          Code  Gb  I64DivMod.o [5]
__cmain                 0x0801afa1          Code  Gb  cmain.o [5]
__data_GetMemChunk      0x0800f055    0x2c  Code  Gb  xgetmemchunk.o [3]
__data_GetMemChunk::start
                        0x20004708     0x4  Data  Lc  xgetmemchunk.o [3]
__exit                  0x080102b1    0x14  Code  Gb  exit.o [6]
__iar_Dint              0x0800ebc5    0x7e  Code  Gb  xdint.o [4]
__iar_Dnorm             0x0800eb81    0x44  Code  Gb  xdnorm.o [4]
__iar_Dscale            0x0800f269   0x114  Code  Gb  xdscale.o [4]
__iar_Dtest             0x0801026f    0x30  Code  Gb  xdtest.o [4]
__iar_Errno             0x200002e8     0x4  Data  Gb  errno.o [3]
__iar_Exp               0x0800ed89   0x2be  Code  Gb  xexp.o [4]
__iar_Locale_lconv_init
                        0x0800f37d    0x3a  Code  Gb  localeconv.o [3]
__iar_Logpoly           0x0800ecd9    0x76  Code  Gb  xlog.o [4]
__iar_Mbcurmax          0x0800f111     0xa  Code  Gb  xmbcurmax.o [3]
__iar_Memchr            0x0800f0b9          Code  Gb  memchr.o [5]
__iar_Memset            0x08005d71          Code  Gb  ABImemset.o [5]
__iar_Memset4_word      0x0800acdd          Code  Gb  ABImemset48.o [5]
__iar_Memset8_word      0x0800acdd          Code  Gb  ABImemset48.o [5]
__iar_Memset_word       0x08005d79          Code  Gb  ABImemset.o [5]
__iar_Strchr            0x0800f0a1          Code  Gb  strchr.o [5]
__iar_d2uiz             0x0800ecb9          Code  Gb  DblToI32.o [4]
__iar_dadd              0x0800ad55          Code  Gb  DblAdd.o [4]
__iar_data_init3        0x0801ae61    0x28  Code  Gb  data_init.o [5]
__iar_dlfree            0x0800ccbb   0x51a  Code  Gb  dlmalloc.o [3]
__iar_dlib_perthread_access
                        0x0801026d     0x2  Code  Gb  xtls.o [3]
__iar_dlmalloc          0x0800ca05   0x2aa  Code  Gb  dlmalloc.o [3]
__iar_dsub              0x0800b239          Code  Gb  DblSub.o [4]
__iar_dsubStart         0x0800b24b          Code  Gb  DblSub.o [4]
__iar_init_vfp          0x0801ae89          Code  Gb  fpinit_M.o [4]
__iar_packbits_init3    0x0801a8a1    0xba  Code  Gb  packbits_init.o [5]
__iar_program_start     0x0801b4c5          Code  Gb  cstartup_M.o [5]
__iar_ui2d              0x08004d7d          Code  Gb  I32ToDbl.o [4]
__iar_unaligned___aeabi_memcpy
                        0x08004cdd          Code  Gb  ABImemcpy_unaligned.o [5]
__iar_unaligned___aeabi_memcpy4
                        0x08004cfd          Code  Gb  ABImemcpy_unaligned.o [5]
__iar_unaligned___aeabi_memcpy8
                        0x08004cfd          Code  Gb  ABImemcpy_unaligned.o [5]
__iar_vfp_pow           0x0800b8a9    0x18  Code  Gb  pow.o [4]
__iar_zero_init3        0x0801aaf9    0x40  Code  Gb  zero_init3.o [5]
__low_level_init        0x0801afbb     0x4  Code  Gb  low_level_init.o [3]
__vector_table          0x08000000          Data  Gb  startup_stm32f40_41xxx.o [1]
_call_main              0x0801afad          Code  Gb  cmain.o [5]
_exit                   0x0801afc5          Code  Gb  cexit.o [5]
_gm_                    0x20002ed0   0x1d8  Data  Lc  dlmalloc.o [3]
_main                   0x0801afb7          Code  Gb  cmain.o [5]
abort                   0x0800f04f     0x6  Code  Gb  abort.o [3]
ads1248_buf             0x200045f8     0x8  Data  Gb  tempcontroltask.o [1]
aucCRCHi                0x0801a68c   0x100  Data  Lc  mbcrc.o [1]
aucCRCLo                0x0801a78c   0x100  Data  Lc  mbcrc.o [1]
bsp_keyRead             0x0800457d    0x70  Code  Gb  key.o [1]
cnt_buf                 0x2000472e     0x2  Data  Gb  timer.o [1]
dT                      0x20004664     0x4  Data  Lc  ms5611.o [1]
delay_init              0x0800e3a5    0x5c  Code  Gb  delay.o [1]
delay_osschedlock       0x0800e379     0xa  Code  Gb  delay.o [1]
delay_osschedunlock     0x0800e383     0xa  Code  Gb  delay.o [1]
delay_us                0x0800e401    0x54  Code  Gb  delay.o [1]
div                     0x0800f3e9     0xe  Code  Gb  div.o [3]
eMBCurrentMode          0x20004745     0x1  Data  Lc  mb.o [1]
eMBEnable               0x08018899    0x24  Code  Gb  mb.o [1]
eMBFuncReadCoils        0x08018a2d    0xbc  Code  Gb  mbfunccoils.o [1]
eMBFuncReadDiscreteInputs
                        0x0801a95b    0xba  Code  Gb  mbfuncdisc.o [1]
eMBFuncReadHoldingRegister
                        0x0801860b    0xa4  Code  Gb  mbfuncholding.o [1]
eMBFuncReadInputRegister
                        0x0801aa15    0xa2  Code  Gb  mbfuncinput.o [1]
eMBFuncReadWriteMultipleHoldingRegister
                        0x080186af   0x110  Code  Gb  mbfuncholding.o [1]
eMBFuncReportSlaveID    0x0801aca1    0x2a  Code  Gb  mbfuncother.o [1]
eMBFuncWriteCoil        0x08018ae9    0x82  Code  Gb  mbfunccoils.o [1]
eMBFuncWriteHoldingRegister
                        0x0801853d    0x4a  Code  Gb  mbfuncholding.o [1]
eMBFuncWriteMultipleCoils
                        0x08018b6b    0xa4  Code  Gb  mbfunccoils.o [1]
eMBFuncWriteMultipleHoldingRegister
                        0x08018587    0x84  Code  Gb  mbfuncholding.o [1]
eMBInit                 0x080187f1    0xa8  Code  Gb  mb.o [1]
eMBPoll                 0x080188bd   0x10e  Code  Gb  mb.o [1]
eMBPoll::eException     0x20004748     0x1  Data  Lc  mb.o [1]
eMBPoll::ucFunctionCode
                        0x20004747     0x1  Data  Lc  mb.o [1]
eMBPoll::ucMBFrame      0x20004654     0x4  Data  Lc  mb.o [1]
eMBPoll::ucRcvAddress   0x20004746     0x1  Data  Lc  mb.o [1]
eMBPoll::usLength       0x20004710     0x2  Data  Lc  mb.o [1]
eMBRTUInit              0x0801699d    0x60  Code  Gb  mbrtu.o [1]
eMBRTUReceive           0x08016a33    0x68  Code  Gb  mbrtu.o [1]
eMBRTUSend              0x08016a9b    0xa8  Code  Gb  mbrtu.o [1]
eMBRTUStart             0x080169fd    0x1e  Code  Gb  mbrtu.o [1]
eMBRTUStop              0x08016a1b    0x18  Code  Gb  mbrtu.o [1]
eMBRegCoilsCB           0x080168a1    0x8a  Code  Gb  port.o [1]
eMBRegDiscreteCB        0x08016981     0x6  Code  Gb  port.o [1]
eMBRegHoldingCB         0x0801630b   0x596  Code  Gb  port.o [1]
eMBRegInputCB           0x080162b5    0x56  Code  Gb  port.o [1]
eMBState                0x2000030b     0x1  Data  Lc  mb.o [1]
eQueuedEvent            0x20004755     0x1  Data  Lc  portevent.o [1]
eRcvState               0x2000474a     0x1  Data  Lc  mbrtu.o [1]
eSndState               0x20004749     0x1  Data  Lc  mbrtu.o [1]
exit                    0x0801afbf     0x4  Code  Gb  exit.o [3]
fac_ms                  0x2000470e     0x2  Data  Lc  delay.o [1]
fac_us                  0x20004736     0x1  Data  Lc  delay.o [1]
first_num               0x20004730     0x1  Data  Gb  ads1118.o [1]
flow_vaule              0x200044f8    0x10  Data  Gb  flowcontroltask.o [1]
gImage_CH1              0x080175ac   0x320  Data  Gb  SampWindow.o [1]
gImage_CH2              0x080178cc   0x320  Data  Gb  SampWindow.o [1]
gImage_CH3              0x08017bec   0x320  Data  Gb  SampWindow.o [1]
gImage_CH4              0x08017f0c   0x320  Data  Gb  SampWindow.o [1]
gImage_channel          0x08018fd0   0x1e0  Data  Gb  MainWindow.o [1]
gImage_config           0x08018c10   0x1e0  Data  Gb  MainWindow.o [1]
gImage_data             0x08018df0   0x1e0  Data  Gb  MainWindow.o [1]
gImage_deg              0x0801afd0    0x18  Data  Gb  MainWindow.o [1]
gImage_exit             0x08019570   0x1e0  Data  Gb  MainWindow.o [1]
gImage_passwd           0x080191b0   0x1e0  Data  Gb  MainWindow.o [1]
gImage_press            0x0801ac64    0x3c  Data  Gb  MainWindow.o [1]
gImage_system           0x08019390   0x1e0  Data  Gb  MainWindow.o [1]
gImage_temp             0x0801ac28    0x3c  Data  Gb  MainWindow.o [1]
gImage_triangle_down    0x0801adbc    0x2c  Data  Gb  Data_Window.o [1]
gImage_triangle_le      0x0801abec    0x3c  Data  Gb  CH_SetWindow.o [1]
gImage_triangle_lf      0x0801abb0    0x3c  Data  Gb  CH_SetWindow.o [1]
gImage_triangle_re      0x0801ab38    0x3c  Data  Gb  CH_SetWindow.o [1]
gImage_triangle_rf      0x0801ab74    0x3c  Data  Gb  CH_SetWindow.o [1]
gImage_triangle_up      0x0801ad90    0x2c  Data  Gb  Data_Window.o [1]
init_mparams            0x0800bd05    0x32  Code  Lc  dlmalloc.o [3]
init_top                0x0800bd37    0x34  Code  Lc  dlmalloc.o [3]
internal_Pow            0x0800b429   0x474  Code  Lc  pow.o [4]
isCH_Save               0x200002d4     0x4  Data  Gb  CH_SetWindow.o [1]
isFixed_Volume          0x200002cc     0x4  Data  Gb  CH_SetWindow.o [1]
isManually              0x200002d0     0x4  Data  Gb  CH_SetWindow.o [1]
isPause                 0x20004759     0x1  Data  Gb  timer.o [1]
isUart_1Stop            0x20000306     0x1  Data  Gb  ConfigWindow.o [1]
isUart_8Bits            0x20000305     0x1  Data  Gb  ConfigWindow.o [1]
lastCH_N                0x200002fe     0x1  Data  Gb  CH_SetWindow.o [1]
lastCH_SetSelect        0x200002fc     0x1  Data  Gb  CH_SetWindow.o [1]
lastCH_subselet         0x2000030f     0x1  Data  Gb  SampWindow.o [1]
last_PT100_Temp         0x200045e8     0x8  Data  Gb  tempcontroltask.o [1]
lastkey                 0x20000308     0x1  Data  Gb  key.o [1]
lastsamp_subselet       0x2000030d     0x1  Data  Gb  SampWindow.o [1]
lnbias                  0x0800b8c8   0x420  Data  Lc  pow.o [4]
localeconv              0x0800f3b7    0x16  Code  Gb  localeconv.o [3]
main                    0x08019cb1    0xd2  Code  Gb  main.o [1]
memchr                  0x0800f0b9          Code  Gb  memchr.o [5]
mparams                 0x20004464    0x18  Data  Lc  dlmalloc.o [3]
peMBFrameReceiveCur     0x20004640     0x4  Data  Lc  mb.o [1]
peMBFrameSendCur        0x20004634     0x4  Data  Lc  mb.o [1]
polyfit                 0x08005377    0x66  Code  Gb  polyfit.o [1]
prepend_alloc           0x0800bd6b   0x372  Code  Lc  dlmalloc.o [3]
prveMBError2Exception   0x080187c1    0x2e  Code  Gb  mbutils.o [1]
prvvTIMERExpiredISR     0x08016eb3     0xa  Code  Gb  porttimer.o [1]
prvvUARTRxISR           0x08016d85     0xa  Code  Gb  portserial.o [1]
prvvUARTTxReadyISR      0x08016d7b     0xa  Code  Gb  portserial.o [1]
pt100_table             0x08012d08  0x1774  Data  Gb  ads1248.o [1]
pucSndBufferCur         0x20004658     0x4  Data  Lc  mbrtu.o [1]
pvMBFrameCloseCur       0x20004644     0x4  Data  Lc  mb.o [1]
pvMBFrameStartCur       0x20004638     0x4  Data  Lc  mb.o [1]
pvMBFrameStopCur        0x2000463c     0x4  Data  Lc  mb.o [1]
pxMBFrameCBByteReceived
                        0x20004648     0x4  Data  Gb  mb.o [1]
pxMBFrameCBTransmitterEmpty
                        0x2000464c     0x4  Data  Gb  mb.o [1]
pxMBPortCBTimerExpired  0x20004650     0x4  Data  Gb  mb.o [1]
res                     0x200045f0     0x8  Data  Gb  tempcontroltask.o [1]
s_KEY                   0x200033a8    0xe0  Data  Gb  key.o [1]
samp_subselet           0x2000030c     0x1  Data  Gb  SampWindow.o [1]
segment_holding         0x0800bce9    0x1c  Code  Lc  dlmalloc.o [3]
sprintf                 0x080056d5    0x34  Code  Gb  sprintf.o [3]
start                   0x20004704     0x4  Data  Gb  SampWindow.o [1]
start_task              0x08019d85    0x80  Code  Gb  main.o [1]
state_disp              0x2000030a     0x1  Data  Gb  MainWindow.o [1]
strchr                  0x0800f0a1          Code  Gb  strchr.o [5]
strlen                  0x08005f11          Code  Gb  strlen.o [5]
strncmp                 0x0800e505    0x2c  Code  Gb  strncmp.o [3]
sub_menu                0x20000309     0x1  Data  Gb  MainWindow.o [1]
sys_alloc               0x0800c0dd   0x388  Code  Lc  dlmalloc.o [3]
testcount               0x2000472c     0x2  Data  Gb  tempcontroltask.o [1]
tmalloc_large           0x0800c471   0x380  Code  Lc  dlmalloc.o [3]
tmalloc_small           0x0800c7f1   0x206  Code  Lc  dlmalloc.o [3]
tmr1                    0x20004374    0x30  Data  Gb  main.o [1]
tmr1_callback           0x08019e05    0x22  Code  Gb  main.o [1]
uart_cnt                0x20004732     0x1  Data  Gb  ConfigWindow.o [1]
uart_init               0x080171b5    0xa2  Code  Gb  usart.o [1]
uart_parity_cnt         0x20004733     0x1  Data  Gb  ConfigWindow.o [1]
ucMBAddress             0x20004744     0x1  Data  Lc  mb.o [1]
ucMBSlaveID             0x2000442c    0x20  Data  Lc  mbfuncother.o [1]
ucRTUBuf                0x200032a8   0x100  Data  Gb  mbrtu.o [1]
usMBCRC16               0x08016f19    0x44  Code  Gb  mbcrc.o [1]
usMBSlaveIDLen          0x20004712     0x2  Data  Lc  mbfuncother.o [1]
usRcvBufferPos          0x20004716     0x2  Data  Lc  mbrtu.o [1]
usRegAd_VauleBuf        0x20004518    0x10  Data  Gb  port.o [1]
usRegAd_VauleStart      0x200002f6     0x2  Data  Gb  port.o [1]
usRegDutyBuf            0x200045d0     0x8  Data  Gb  port.o [1]
usRegDutyStart          0x200002f0     0x2  Data  Gb  port.o [1]
usRegFlowBuf            0x200045d8     0x8  Data  Gb  port.o [1]
usRegFlowSetBuf         0x200045e0     0x8  Data  Gb  port.o [1]
usRegFlowSetStart       0x200002f4     0x2  Data  Gb  port.o [1]
usRegFlowStart          0x200002f2     0x2  Data  Gb  port.o [1]
usRegHoldingBuf         0x200045c8     0x8  Data  Gb  port.o [1]
usRegHoldingStart       0x200002ee     0x2  Data  Gb  port.o [1]
usRegInputBuf           0x200045c0     0x8  Data  Gb  port.o [1]
usRegInputStart         0x200002ec     0x2  Data  Gb  port.o [1]
usReg_CalibrationBuf    0x20004338    0x3c  Data  Gb  port.o [1]
usReg_CalibrationStart  0x200002f8     0x2  Data  Gb  port.o [1]
usSndBufferCount        0x20004714     0x2  Data  Lc  mbrtu.o [1]
vMBPortSerialEnable     0x08016cf9    0x48  Code  Gb  portserial.o [1]
vMBPortTimersDisable    0x08016e8d    0x26  Code  Gb  porttimer.o [1]
vMBPortTimersEnable     0x08016e67    0x26  Code  Gb  porttimer.o [1]
value_buf               0x200041fc    0x60  Data  Gb  ads1118.o [1]
vaule                   0x200042fc    0x3c  Data  Gb  ads1118.o [1]
xEventInQueue           0x20004756     0x1  Data  Lc  portevent.o [1]
xFuncHandlers           0x20000188    0x80  Data  Lc  mb.o [1]
xMBPortEventGet         0x08016f77    0x20  Code  Gb  portevent.o [1]
xMBPortEventInit        0x08016f5d     0xa  Code  Gb  portevent.o [1]
xMBPortEventPost        0x08016f67    0x10  Code  Gb  portevent.o [1]
xMBPortSerialGetByte    0x08016d6b    0x10  Code  Gb  portserial.o [1]
xMBPortSerialInit       0x08016d41    0x16  Code  Gb  portserial.o [1]
xMBPortSerialPutByte    0x08016d57    0x14  Code  Gb  portserial.o [1]
xMBPortTimersInit       0x08016de5    0x82  Code  Gb  porttimer.o [1]
xMBRTUReceiveFSM        0x08016b43    0x96  Code  Gb  mbrtu.o [1]
xMBRTUTimerT35Expired   0x08016c51    0x64  Code  Gb  mbrtu.o [1]
xMBRTUTransmitFSM       0x08016bd9    0x78  Code  Gb  mbrtu.o [1]


[1] = E:\WORK\YX-TMP-CT4S UCOSIII-F4\Project\IAR\Debug\Obj
[2] = command line
[3] = dl7M_tlf.a
[4] = m7M_tls.a
[5] = rt7M_tl.a
[6] = shb_l.a

  97 092 bytes of readonly  code memory
  15 835 bytes of readonly  data memory
  34 650 bytes of readwrite data memory

Errors: none
Warnings: none
